Archive member included to satisfy reference by file (symbol)

c:/gcc-arm-none-eabi-10.3-2021.10/bin/../lib/gcc/arm-none-eabi/10.3.1/thumb/v7-m/nofp\libgcc.a(_arm_muldf3.o)
                              CMakeFiles/Test1.elf.dir/Core/Src/MPU6050.c.obj (__aeabi_dmul)
c:/gcc-arm-none-eabi-10.3-2021.10/bin/../lib/gcc/arm-none-eabi/10.3.1/thumb/v7-m/nofp\libgcc.a(_arm_mulsf3.o)
                              CMakeFiles/Test1.elf.dir/Core/Src/MPU6050.c.obj (__aeabi_fmul)
c:/gcc-arm-none-eabi-10.3-2021.10/bin/../lib/gcc/arm-none-eabi/10.3.1/thumb/v7-m/nofp\libgcc.a(_arm_addsubdf3.o)
                              CMakeFiles/Test1.elf.dir/Core/Src/MPU6050.c.obj (__aeabi_f2d)
c:/gcc-arm-none-eabi-10.3-2021.10/bin/../lib/gcc/arm-none-eabi/10.3.1/thumb/v7-m/nofp\libgcc.a(_arm_truncdfsf2.o)
                              CMakeFiles/Test1.elf.dir/Core/Src/MPU6050.c.obj (__aeabi_d2f)
c:/gcc-arm-none-eabi-10.3-2021.10/bin/../lib/gcc/arm-none-eabi/10.3.1/thumb/v7-m/nofp\libgcc.a(_arm_addsubsf3.o)
                              CMakeFiles/Test1.elf.dir/Core/Src/MPU6050.c.obj (__aeabi_fsub)
c:/gcc-arm-none-eabi-10.3-2021.10/bin/../lib/gcc/arm-none-eabi/10.3.1/thumb/v7-m/nofp\libgcc.a(_arm_muldivsf3.o)
                              CMakeFiles/Test1.elf.dir/Core/Src/inv_mpu.c.obj (__aeabi_fdiv)
c:/gcc-arm-none-eabi-10.3-2021.10/bin/../lib/gcc/arm-none-eabi/10.3.1/thumb/v7-m/nofp\libgcc.a(_arm_cmpsf2.o)
                              CMakeFiles/Test1.elf.dir/Core/Src/inv_mpu.c.obj (__aeabi_fcmpeq)
c:/gcc-arm-none-eabi-10.3-2021.10/bin/../lib/gcc/arm-none-eabi/10.3.1/thumb/v7-m/nofp\libgcc.a(_arm_fixsfsi.o)
                              CMakeFiles/Test1.elf.dir/Core/Src/MPU6050.c.obj (__aeabi_f2iz)
c:/gcc-arm-none-eabi-10.3-2021.10/bin/../lib/gcc/arm-none-eabi/10.3.1/thumb/v7-m/nofp\libgcc.a(_arm_fixunssfsi.o)
                              CMakeFiles/Test1.elf.dir/Core/Src/inv_mpu_dmp_motion_driver.c.obj (__aeabi_f2uiz)
c:/gcc-arm-none-eabi-10.3-2021.10/bin/../lib/gcc/arm-none-eabi/10.3.1/thumb/v7-m/nofp\libgcc.a(_aeabi_ldivmod.o)
                              CMakeFiles/Test1.elf.dir/Core/Src/inv_mpu.c.obj (__aeabi_ldivmod)
c:/gcc-arm-none-eabi-10.3-2021.10/bin/../lib/gcc/arm-none-eabi/10.3.1/thumb/v7-m/nofp\libgcc.a(_udivmoddi4.o)
                              c:/gcc-arm-none-eabi-10.3-2021.10/bin/../lib/gcc/arm-none-eabi/10.3.1/thumb/v7-m/nofp\libgcc.a(_aeabi_ldivmod.o) (__udivmoddi4)
c:/gcc-arm-none-eabi-10.3-2021.10/bin/../lib/gcc/arm-none-eabi/10.3.1/thumb/v7-m/nofp\libgcc.a(_dvmd_tls.o)
                              c:/gcc-arm-none-eabi-10.3-2021.10/bin/../lib/gcc/arm-none-eabi/10.3.1/thumb/v7-m/nofp\libgcc.a(_aeabi_ldivmod.o) (__aeabi_ldiv0)
c:/gcc-arm-none-eabi-10.3-2021.10/bin/../lib/gcc/arm-none-eabi/10.3.1/../../../../arm-none-eabi/lib/thumb/v7-m/nofp\libg.a(lib_a-errno.o)
                              CMakeFiles/Test1.elf.dir/Core/Src/syscalls.c.obj (__errno)
c:/gcc-arm-none-eabi-10.3-2021.10/bin/../lib/gcc/arm-none-eabi/10.3.1/../../../../arm-none-eabi/lib/thumb/v7-m/nofp\libg.a(lib_a-exit.o)
                              c:/gcc-arm-none-eabi-10.3-2021.10/bin/../lib/gcc/arm-none-eabi/10.3.1/../../../../arm-none-eabi/lib/thumb/v7-m/nofp/crt0.o (exit)
c:/gcc-arm-none-eabi-10.3-2021.10/bin/../lib/gcc/arm-none-eabi/10.3.1/../../../../arm-none-eabi/lib/thumb/v7-m/nofp\libg.a(lib_a-impure.o)
                              c:/gcc-arm-none-eabi-10.3-2021.10/bin/../lib/gcc/arm-none-eabi/10.3.1/../../../../arm-none-eabi/lib/thumb/v7-m/nofp\libg.a(lib_a-exit.o) (_global_impure_ptr)
c:/gcc-arm-none-eabi-10.3-2021.10/bin/../lib/gcc/arm-none-eabi/10.3.1/../../../../arm-none-eabi/lib/thumb/v7-m/nofp\libg.a(lib_a-init.o)
                              c:/gcc-arm-none-eabi-10.3-2021.10/bin/../lib/gcc/arm-none-eabi/10.3.1/../../../../arm-none-eabi/lib/thumb/v7-m/nofp/crt0.o (__libc_init_array)
c:/gcc-arm-none-eabi-10.3-2021.10/bin/../lib/gcc/arm-none-eabi/10.3.1/../../../../arm-none-eabi/lib/thumb/v7-m/nofp\libg.a(lib_a-memcmp.o)
                              CMakeFiles/Test1.elf.dir/Core/Src/inv_mpu.c.obj (memcmp)
c:/gcc-arm-none-eabi-10.3-2021.10/bin/../lib/gcc/arm-none-eabi/10.3.1/../../../../arm-none-eabi/lib/thumb/v7-m/nofp\libg.a(lib_a-memset.o)
                              c:/gcc-arm-none-eabi-10.3-2021.10/bin/../lib/gcc/arm-none-eabi/10.3.1/../../../../arm-none-eabi/lib/thumb/v7-m/nofp/crt0.o (memset)
c:/gcc-arm-none-eabi-10.3-2021.10/bin/../lib/gcc/arm-none-eabi/10.3.1/../../../../arm-none-eabi/lib/thumb/v7-m/nofp\libg.a(lib_a-printf.o)
                              CMakeFiles/Test1.elf.dir/Core/Src/MPU6050.c.obj (printf)
c:/gcc-arm-none-eabi-10.3-2021.10/bin/../lib/gcc/arm-none-eabi/10.3.1/../../../../arm-none-eabi/lib/thumb/v7-m/nofp\libg.a(lib_a-puts.o)
                              CMakeFiles/Test1.elf.dir/Core/Src/MPU6050.c.obj (puts)
c:/gcc-arm-none-eabi-10.3-2021.10/bin/../lib/gcc/arm-none-eabi/10.3.1/../../../../arm-none-eabi/lib/thumb/v7-m/nofp\libg.a(lib_a-strlen-stub.o)
[...]
Memory Configuration

Name             Origin             Length             Attributes
RAM              0x20000000         0x00005000         xrw
FLASH            0x08000000         0x00010000         xr
*default*        0x00000000         0xffffffff

Linker script and memory map

LOAD c:/gcc-arm-none-eabi-10.3-2021.10/bin/../lib/gcc/arm-none-eabi/10.3.1/thumb/v7-m/nofp/crti.o
LOAD c:/gcc-arm-none-eabi-10.3-2021.10/bin/../lib/gcc/arm-none-eabi/10.3.1/thumb/v7-m/nofp/crtbegin.o
LOAD c:/gcc-arm-none-eabi-10.3-2021.10/bin/../lib/gcc/arm-none-eabi/10.3.1/../../../../arm-none-eabi/lib/thumb/v7-m/nofp/crt0.o
LOAD CMakeFiles/Test1.elf.dir/Core/Src/Encoder.c.obj
LOAD CMakeFiles/Test1.elf.dir/Core/Src/MPU6050.c.obj
LOAD CMakeFiles/Test1.elf.dir/Core/Src/Motor.c.obj
LOAD CMakeFiles/Test1.elf.dir/Core/Src/PID.c.obj
LOAD CMakeFiles/Test1.elf.dir/Core/Src/gpio.c.obj
LOAD CMakeFiles/Test1.elf.dir/Core/Src/i2c.c.obj
LOAD CMakeFiles/Test1.elf.dir/Core/Src/inv_mpu.c.obj
LOAD CMakeFiles/Test1.elf.dir/Core/Src/inv_mpu_dmp_motion_driver.c.obj
LOAD CMakeFiles/Test1.elf.dir/Core/Src/main.c.obj
LOAD CMakeFiles/Test1.elf.dir/Core/Src/stm32f1xx_hal_msp.c.obj
LOAD CMakeFiles/Test1.elf.dir/Core/Src/stm32f1xx_it.c.obj
LOAD CMakeFiles/Test1.elf.dir/Core/Src/syscalls.c.obj
LOAD CMakeFiles/Test1.elf.dir/Core/Src/sysmem.c.obj
LOAD CMakeFiles/Test1.elf.dir/Core/Src/system_stm32f1xx.c.obj
LOAD CMakeFiles/Test1.elf.dir/Core/Src/tim.c.obj
LOAD CMakeFiles/Test1.elf.dir/Core/Src/usart.c.obj
LOAD CMakeFiles/Test1.elf.dir/Core/Startup/startup_stm32f103c8tx.s.obj
LOAD CMakeFiles/Test1.elf.dir/Drivers/STM32F1xx_HAL_Driver/Src/stm32f1xx_hal.c.obj
LOAD CMakeFiles/Test1.elf.dir/Drivers/STM32F1xx_HAL_Driver/Src/stm32f1xx_hal_cortex.c.obj
LOAD CMakeFiles/Test1.elf.dir/Drivers/STM32F1xx_HAL_Driver/Src/stm32f1xx_hal_dma.c.obj
LOAD CMakeFiles/Test1.elf.dir/Drivers/STM32F1xx_HAL_Driver/Src/stm32f1xx_hal_exti.c.obj
LOAD CMakeFiles/Test1.elf.dir/Drivers/STM32F1xx_HAL_Driver/Src/stm32f1xx_hal_flash.c.obj
LOAD CMakeFiles/Test1.elf.dir/Drivers/STM32F1xx_HAL_Driver/Src/stm32f1xx_hal_flash_ex.c.obj
LOAD CMakeFiles/Test1.elf.dir/Drivers/STM32F1xx_HAL_Driver/Src/stm32f1xx_hal_gpio.c.obj
LOAD CMakeFiles/Test1.elf.dir/Drivers/STM32F1xx_HAL_Driver/Src/stm32f1xx_hal_gpio_ex.c.obj
LOAD CMakeFiles/Test1.elf.dir/Drivers/STM32F1xx_HAL_Driver/Src/stm32f1xx_hal_i2c.c.obj
LOAD CMakeFiles/Test1.elf.dir/Drivers/STM32F1xx_HAL_Driver/Src/stm32f1xx_hal_pwr.c.obj
LOAD CMakeFiles/Test1.elf.dir/Drivers/STM32F1xx_HAL_Driver/Src/stm32f1xx_hal_rcc.c.obj
LOAD CMakeFiles/Test1.elf.dir/Drivers/STM32F1xx_HAL_Driver/Src/stm32f1xx_hal_rcc_ex.c.obj
LOAD CMakeFiles/Test1.elf.dir/Drivers/STM32F1xx_HAL_Driver/Src/stm32f1xx_hal_tim.c.obj
LOAD CMakeFiles/Test1.elf.dir/Drivers/STM32F1xx_HAL_Driver/Src/stm32f1xx_hal_tim_ex.c.obj
LOAD CMakeFiles/Test1.elf.dir/Drivers/STM32F1xx_HAL_Driver/Src/stm32f1xx_hal_uart.c.obj
START GROUP
LOAD c:/gcc-arm-none-eabi-10.3-2021.10/bin/../lib/gcc/arm-none-eabi/10.3.1/thumb/v7-m/nofp\libgcc.a
LOAD c:/gcc-arm-none-eabi-10.3-2021.10/bin/../lib/gcc/arm-none-eabi/10.3.1/../../../../arm-none-eabi/lib/thumb/v7-m/nofp\libg.a
LOAD c:/gcc-arm-none-eabi-10.3-2021.10/bin/../lib/gcc/arm-none-eabi/10.3.1/../../../../arm-none-eabi/lib/thumb/v7-m/nofp\libc.a
END GROUP
LOAD c:/gcc-arm-none-eabi-10.3-2021.10/bin/../lib/gcc/arm-none-eabi/10.3.1/thumb/v7-m/nofp/crtend.o
LOAD c:/gcc-arm-none-eabi-10.3-2021.10/bin/../lib/gcc/arm-none-eabi/10.3.1/thumb/v7-m/nofp/crtn.o
                0x20005000                _estack = (ORIGIN (RAM) + LENGTH (RAM))
                0x00000200                _Min_Heap_Size = 0x200
                0x00000400                _Min_Stack_Size = 0x400

.isr_vector     0x08000000      0x10c
                0x08000000                . = ALIGN (0x4)
 *(.isr_vector)
 .isr_vector    0x08000000      0x10c CMakeFiles/Test1.elf.dir/Core/Startup/startup_stm32f103c8tx.s.obj
                0x08000000                g_pfnVectors
                0x0800010c                . = ALIGN (0x4)

.text           0x08000110     0xc200
                0x08000110                . = ALIGN (0x4)
 *(.text)
 .text          0x08000110      0x378 c:/gcc-arm-none-eabi-10.3-2021.10/bin/../lib/gcc/arm-none-eabi/10.3.1/thumb/v7-m/nofp\libgcc.a(_arm_addsubdf3.o)
                0x08000110                __aeabi_drsub
                0x08000118                __aeabi_dsub
                0x08000118                __subdf3
                0x0800011c                __aeabi_dadd
                0x0800011c                __adddf3
                0x08000394                __floatunsidf
                0x08000394                __aeabi_ui2d
                0x080003b4                __floatsidf
                0x080003b4                __aeabi_i2d
                0x080003d8                __aeabi_f2d
                0x080003d8                __extendsfdf2
                0x0800041c                __floatundidf
                0x0800041c                __aeabi_ul2d
                0x0800042c                __floatdidf
                0x0800042c                __aeabi_l2d
 .text          0x08000488      0x21c c:/gcc-arm-none-eabi-10.3-2021.10/bin/../lib/gcc/arm-none-eabi/10.3.1/thumb/v7-m/nofp\libgcc.a(_arm_addsubsf3.o)
                0x08000488                __aeabi_frsub
                0x08000490                __subsf3
                0x08000490                __aeabi_fsub
                0x08000494                __aeabi_fadd
                0x08000494                __addsf3
                0x080005f4                __aeabi_ui2f
                0x080005f4                __floatunsisf
                0x080005fc                __aeabi_i2f
                0x080005fc                __floatsisf
                0x08000618                __aeabi_ul2f
                0x08000618                __floatundisf
                0x08000628                __aeabi_l2f
                0x08000628                __floatdisf
 .text          0x080006a4      0x2a0 c:/gcc-arm-none-eabi-10.3-2021.10/bin/../lib/gcc/arm-none-eabi/10.3.1/thumb/v7-m/nofp\libgcc.a(_arm_muldivsf3.o)
                0x080006a4                __mulsf3
                0x080006a4                __aeabi_fmul
                0x0800080c                __aeabi_fdiv
                0x0800080c                __divsf3
 .text          0x08000944       0xec c:/gcc-arm-none-eabi-10.3-2021.10/bin/../lib/gcc/arm-none-eabi/10.3.1/thumb/v7-m/nofp\libgcc.a(_arm_cmpsf2.o)
                0x08000944                __gesf2
                0x08000944                __gtsf2
                0x0800094c                __lesf2
                0x0800094c                __ltsf2
                0x08000954                __nesf2
                0x08000954                __eqsf2
                0x08000954                __cmpsf2
                0x080009b4                __aeabi_cfrcmple
                0x080009bc                __aeabi_cfcmpeq
                0x080009bc                __aeabi_cfcmple
                0x080009cc                __aeabi_fcmpeq
                0x080009e0                __aeabi_fcmplt
                0x080009f4                __aeabi_fcmple
                0x08000a08                __aeabi_fcmpge
                0x08000a1c                __aeabi_fcmpgt
 .text          0x08000a30       0x4c c:/gcc-arm-none-eabi-10.3-2021.10/bin/../lib/gcc/arm-none-eabi/10.3.1/thumb/v7-m/nofp\libgcc.a(_arm_fixsfsi.o)
                0x08000a30                __aeabi_f2iz
                0x08000a30                __fixsfsi
 .text          0x08000a7c       0x40 c:/gcc-arm-none-eabi-10.3-2021.10/bin/../lib/gcc/arm-none-eabi/10.3.1/thumb/v7-m/nofp\libgcc.a(_arm_fixunssfsi.o)
                0x08000a7c                __fixunssfsi
                0x08000a7c                __aeabi_f2uiz
 .text          0x08000abc       0xa0 c:/gcc-arm-none-eabi-10.3-2021.10/bin/../lib/gcc/arm-none-eabi/10.3.1/thumb/v7-m/nofp\libgcc.a(_aeabi_ldivmod.o)
                0x08000abc                __aeabi_ldivmod
 .text          0x08000b5c      0x2d4 c:/gcc-arm-none-eabi-10.3-2021.10/bin/../lib/gcc/arm-none-eabi/10.3.1/thumb/v7-m/nofp\libgcc.a(_udivmoddi4.o)
                0x08000b5c                __udivmoddi4
 .text          0x08000e30        0x4 c:/gcc-arm-none-eabi-10.3-2021.10/bin/../lib/gcc/arm-none-eabi/10.3.1/thumb/v7-m/nofp\libgcc.a(_dvmd_tls.o)
                0x08000e30                __aeabi_idiv0
                0x08000e30                __aeabi_ldiv0
 .text          0x08000e34       0xec c:/gcc-arm-none-eabi-10.3-2021.10/bin/../lib/gcc/arm-none-eabi/10.3.1/../../../../arm-none-eabi/lib/thumb/v7-m/nofp\libg.a(lib_a-memcpy.o)
                0x08000e34                memcpy
 .text          0x08000f20      0x424 c:/gcc-arm-none-eabi-10.3-2021.10/bin/../lib/gcc/arm-none-eabi/10.3.1/thumb/v7-m/nofp\libgcc.a(_arm_muldivdf3.o)
                0x08000f20                __aeabi_dmul
                0x08000f20                __muldf3
                0x08001174                __divdf3
                0x08001174                __aeabi_ddiv
 .text          0x08001344      0x110 c:/gcc-arm-none-eabi-10.3-2021.10/bin/../lib/gcc/arm-none-eabi/10.3.1/thumb/v7-m/nofp\libgcc.a(_arm_cmpdf2.o)
                0x08001344                __gtdf2
                0x08001344                __gedf2
                0x0800134c                __ltdf2
                0x0800134c                __ledf2
                0x08001354                __nedf2
                0x08001354                __eqdf2
                0x08001354                __cmpdf2
                0x080013d0                __aeabi_cdrcmple
                0x080013e0                __aeabi_cdcmpeq
                0x080013e0                __aeabi_cdcmple
                0x080013f0                __aeabi_dcmpeq
                0x08001404                __aeabi_dcmplt
                0x08001418                __aeabi_dcmple
                0x0800142c                __aeabi_dcmpge
                0x08001440                __aeabi_dcmpgt
 .text          0x08001454       0x2c c:/gcc-arm-none-eabi-10.3-2021.10/bin/../lib/gcc/arm-none-eabi/10.3.1/thumb/v7-m/nofp\libgcc.a(_arm_unorddf2.o)
                0x08001454                __unorddf2
                0x08001454                __aeabi_dcmpun
 .text          0x08001480       0x50 c:/gcc-arm-none-eabi-10.3-2021.10/bin/../lib/gcc/arm-none-eabi/10.3.1/thumb/v7-m/nofp\libgcc.a(_arm_fixdfsi.o)
                0x08001480                __aeabi_d2iz
                0x08001480                __fixdfsi
 .text          0x080014d0       0x30 c:/gcc-arm-none-eabi-10.3-2021.10/bin/../lib/gcc/arm-none-eabi/10.3.1/thumb/v7-m/nofp\libgcc.a(_aeabi_uldivmod.o)
                0x080014d0                __aeabi_uldivmod
 *(.text*)
 .text.Encoder1_Get
                0x08001500       0x14 CMakeFiles/Test1.elf.dir/Core/Src/Encoder.c.obj
                0x08001500                Encoder1_Get
 .text.Encoder2_Get
                0x08001514       0x14 CMakeFiles/Test1.elf.dir/Core/Src/Encoder.c.obj
                0x08001514                Encoder2_Get
 .text.run_self_test
                0x08001528       0x88 CMakeFiles/Test1.elf.dir/Core/Src/MPU6050.c.obj
                0x08001528                run_self_test
 .text.inv_row_2_scale
                0x080015b0       0x3a CMakeFiles/Test1.elf.dir/Core/Src/MPU6050.c.obj
                0x080015b0                inv_row_2_scale
 .text.inv_orientation_matrix_to_scalar
                0x080015ea       0x24 CMakeFiles/Test1.elf.dir/Core/Src/MPU6050.c.obj
                0x080015ea                inv_orientation_matrix_to_scalar
 *fill*         0x0800160e        0x2 
 .text.mpu_dmp_init
                0x08001610       0xa0 CMakeFiles/Test1.elf.dir/Core/Src/MPU6050.c.obj
                0x08001610                mpu_dmp_init
 .text.Motor1_SetSpeed
                0x080016b0       0x4c CMakeFiles/Test1.elf.dir/Core/Src/Motor.c.obj
                0x080016b0                Motor1_SetSpeed
 .text.Motor2_SetSpeed
                0x080016fc       0x4c CMakeFiles/Test1.elf.dir/Core/Src/Motor.c.obj
                0x080016fc                Motor2_SetSpeed
 .text.MX_GPIO_Init
                0x08001748       0xa8 CMakeFiles/Test1.elf.dir/Core/Src/gpio.c.obj
                0x08001748                MX_GPIO_Init
 .text.MX_I2C1_Init
                0x080017f0       0x3c CMakeFiles/Test1.elf.dir/Core/Src/i2c.c.obj
                0x080017f0                MX_I2C1_Init
 .text.HAL_I2C_MspInit
                0x0800182c       0x78 CMakeFiles/Test1.elf.dir/Core/Src/i2c.c.obj
                0x0800182c                HAL_I2C_MspInit
 .text.get_accel_prod_shift
                0x080018a4       0xd4 CMakeFiles/Test1.elf.dir/Core/Src/inv_mpu.c.obj
 .text.accel_self_test
                0x08001978       0xb8 CMakeFiles/Test1.elf.dir/Core/Src/inv_mpu.c.obj
 .text.gyro_self_test
                0x08001a30      0x120 CMakeFiles/Test1.elf.dir/Core/Src/inv_mpu.c.obj
 .text.set_int_enable
                0x08001b50       0xb0 CMakeFiles/Test1.elf.dir/Core/Src/inv_mpu.c.obj
 .text.get_st_biases
                0x08001c00      0x4d4 CMakeFiles/Test1.elf.dir/Core/Src/inv_mpu.c.obj
 .text.mpu_reset_fifo
                0x080020d4      0x274 CMakeFiles/Test1.elf.dir/Core/Src/inv_mpu.c.obj
                0x080020d4                mpu_reset_fifo
 .text.mpu_get_gyro_fsr
                0x08002348       0x3c CMakeFiles/Test1.elf.dir/Core/Src/inv_mpu.c.obj
                0x08002348                mpu_get_gyro_fsr
 .text.mpu_set_gyro_fsr
                0x08002384       0xa4 CMakeFiles/Test1.elf.dir/Core/Src/inv_mpu.c.obj
                0x08002384                mpu_set_gyro_fsr
 .text.mpu_get_accel_fsr
                0x08002428       0x44 CMakeFiles/Test1.elf.dir/Core/Src/inv_mpu.c.obj
                0x08002428                mpu_get_accel_fsr
 .text.mpu_set_accel_fsr
                0x0800246c       0xa0 CMakeFiles/Test1.elf.dir/Core/Src/inv_mpu.c.obj
                0x0800246c                mpu_set_accel_fsr
 .text.mpu_get_lpf
                0x0800250c       0x44 CMakeFiles/Test1.elf.dir/Core/Src/inv_mpu.c.obj
                0x0800250c                mpu_get_lpf
 .text.mpu_set_lpf
                0x08002550       0xa0 CMakeFiles/Test1.elf.dir/Core/Src/inv_mpu.c.obj
                0x08002550                mpu_set_lpf
 .text.mpu_get_sample_rate
                0x080025f0       0x1c CMakeFiles/Test1.elf.dir/Core/Src/inv_mpu.c.obj
                0x080025f0                mpu_get_sample_rate
 .text.mpu_get_gyro_sens
                0x0800260c       0x4c CMakeFiles/Test1.elf.dir/Core/Src/inv_mpu.c.obj
                0x0800260c                mpu_get_gyro_sens
 .text.mpu_get_accel_sens
                0x08002658       0x4c CMakeFiles/Test1.elf.dir/Core/Src/inv_mpu.c.obj
                0x08002658                mpu_get_accel_sens
 .text.mpu_get_fifo_config
                0x080026a4       0x10 CMakeFiles/Test1.elf.dir/Core/Src/inv_mpu.c.obj
                0x080026a4                mpu_get_fifo_config
 .text.mpu_configure_fifo
                0x080026b4       0x64 CMakeFiles/Test1.elf.dir/Core/Src/inv_mpu.c.obj
                0x080026b4                mpu_configure_fifo
 .text.mpu_set_bypass
                0x08002718      0x1ac CMakeFiles/Test1.elf.dir/Core/Src/inv_mpu.c.obj
                0x08002718                mpu_set_bypass
 .text.mpu_set_int_latched
                0x080028c4       0x84 CMakeFiles/Test1.elf.dir/Core/Src/inv_mpu.c.obj
                0x080028c4                mpu_set_int_latched
 .text.mpu_lp_accel_mode
                0x08002948       0xf4 CMakeFiles/Test1.elf.dir/Core/Src/inv_mpu.c.obj
                0x08002948                mpu_lp_accel_mode
 .text.mpu_set_sample_rate
                0x08002a3c       0xb0 CMakeFiles/Test1.elf.dir/Core/Src/inv_mpu.c.obj
                0x08002a3c                mpu_set_sample_rate
 .text.mpu_set_sensors
                0x08002aec       0xfc CMakeFiles/Test1.elf.dir/Core/Src/inv_mpu.c.obj
                0x08002aec                mpu_set_sensors
 .text.mpu_init
                0x08002be8      0x1c8 CMakeFiles/Test1.elf.dir/Core/Src/inv_mpu.c.obj
                0x08002be8                mpu_init
 .text.mpu_write_mem
                0x08002db0       0x90 CMakeFiles/Test1.elf.dir/Core/Src/inv_mpu.c.obj
                0x08002db0                mpu_write_mem
 .text.mpu_read_mem
                0x08002e40       0x90 CMakeFiles/Test1.elf.dir/Core/Src/inv_mpu.c.obj
                0x08002e40                mpu_read_mem
 .text.mpu_load_firmware
                0x08002ed0       0xc4 CMakeFiles/Test1.elf.dir/Core/Src/inv_mpu.c.obj
                0x08002ed0                mpu_load_firmware
 .text.mpu_set_dmp_state
                0x08002f94       0xac CMakeFiles/Test1.elf.dir/Core/Src/inv_mpu.c.obj
                0x08002f94                mpu_set_dmp_state
 .text.mpu_run_self_test
                0x08003040      0x104 CMakeFiles/Test1.elf.dir/Core/Src/inv_mpu.c.obj
                0x08003040                mpu_run_self_test
 .text.dmp_load_motion_driver_firmware
                0x08003144       0x18 CMakeFiles/Test1.elf.dir/Core/Src/inv_mpu_dmp_motion_driver.c.obj
                0x08003144                dmp_load_motion_driver_firmware
 .text.dmp_set_orientation
                0x0800315c      0x14c CMakeFiles/Test1.elf.dir/Core/Src/inv_mpu_dmp_motion_driver.c.obj
                0x0800315c                dmp_set_orientation
 .text.dmp_set_gyro_bias
                0x080032a8      0x110 CMakeFiles/Test1.elf.dir/Core/Src/inv_mpu_dmp_motion_driver.c.obj
                0x080032a8                dmp_set_gyro_bias
 .text.dmp_set_accel_bias
                0x080033b8       0xf4 CMakeFiles/Test1.elf.dir/Core/Src/inv_mpu_dmp_motion_driver.c.obj
                0x080033b8                dmp_set_accel_bias
 .text.dmp_set_fifo_rate
                0x080034ac       0x68 CMakeFiles/Test1.elf.dir/Core/Src/inv_mpu_dmp_motion_driver.c.obj
                0x080034ac                dmp_set_fifo_rate
 .text.dmp_set_tap_thresh
                0x08003514      0x1a0 CMakeFiles/Test1.elf.dir/Core/Src/inv_mpu_dmp_motion_driver.c.obj
                0x08003514                dmp_set_tap_thresh
 .text.dmp_set_tap_axes
                0x080036b4       0x4e CMakeFiles/Test1.elf.dir/Core/Src/inv_mpu_dmp_motion_driver.c.obj
                0x080036b4                dmp_set_tap_axes
 .text.dmp_set_tap_count
                0x08003702       0x2c CMakeFiles/Test1.elf.dir/Core/Src/inv_mpu_dmp_motion_driver.c.obj
                0x08003702                dmp_set_tap_count
 *fill*         0x0800372e        0x2 
 .text.dmp_set_tap_time
                0x08003730       0x30 CMakeFiles/Test1.elf.dir/Core/Src/inv_mpu_dmp_motion_driver.c.obj
                0x08003730                dmp_set_tap_time
 .text.dmp_set_tap_time_multi
                0x08003760       0x30 CMakeFiles/Test1.elf.dir/Core/Src/inv_mpu_dmp_motion_driver.c.obj
                0x08003760                dmp_set_tap_time_multi
 .text.dmp_set_shake_reject_thresh
                0x08003790       0x44 CMakeFiles/Test1.elf.dir/Core/Src/inv_mpu_dmp_motion_driver.c.obj
                0x08003790                dmp_set_shake_reject_thresh
 .text.dmp_set_shake_reject_time
                0x080037d4       0x2c CMakeFiles/Test1.elf.dir/Core/Src/inv_mpu_dmp_motion_driver.c.obj
                0x080037d4                dmp_set_shake_reject_time
 .text.dmp_set_shake_reject_timeout
                0x08003800       0x2c CMakeFiles/Test1.elf.dir/Core/Src/inv_mpu_dmp_motion_driver.c.obj
                0x08003800                dmp_set_shake_reject_timeout
 .text.dmp_enable_gyro_cal
                0x0800382c       0x44 CMakeFiles/Test1.elf.dir/Core/Src/inv_mpu_dmp_motion_driver.c.obj
                0x0800382c                dmp_enable_gyro_cal
 .text.dmp_enable_lp_quat
                0x08003870       0x3c CMakeFiles/Test1.elf.dir/Core/Src/inv_mpu_dmp_motion_driver.c.obj
                0x08003870                dmp_enable_lp_quat
 .text.dmp_enable_6x_lp_quat
                0x080038ac       0x3c CMakeFiles/Test1.elf.dir/Core/Src/inv_mpu_dmp_motion_driver.c.obj
                0x080038ac                dmp_enable_6x_lp_quat
 .text.dmp_enable_feature
                0x080038e8      0x218 CMakeFiles/Test1.elf.dir/Core/Src/inv_mpu_dmp_motion_driver.c.obj
                0x080038e8                dmp_enable_feature
 .text.Error_Handler
                0x08003b00        0x4 CMakeFiles/Test1.elf.dir/Core/Src/main.c.obj
                0x08003b00                Error_Handler
 .text.SystemClock_Config
                0x08003b04       0x64 CMakeFiles/Test1.elf.dir/Core/Src/main.c.obj
                0x08003b04                SystemClock_Config
 .text.main     0x08003b68       0x90 CMakeFiles/Test1.elf.dir/Core/Src/main.c.obj
                0x08003b68                main
 .text.HAL_MspInit
                0x08003bf8       0x44 CMakeFiles/Test1.elf.dir/Core/Src/stm32f1xx_hal_msp.c.obj
                0x08003bf8                HAL_MspInit
 .text.NMI_Handler
                0x08003c3c        0x2 CMakeFiles/Test1.elf.dir/Core/Src/stm32f1xx_it.c.obj
                0x08003c3c                NMI_Handler
 .text.HardFault_Handler
                0x08003c3e        0x2 CMakeFiles/Test1.elf.dir/Core/Src/stm32f1xx_it.c.obj
                0x08003c3e                HardFault_Handler
 .text.MemManage_Handler
                0x08003c40        0x2 CMakeFiles/Test1.elf.dir/Core/Src/stm32f1xx_it.c.obj
                0x08003c40                MemManage_Handler
 .text.BusFault_Handler
                0x08003c42        0x2 CMakeFiles/Test1.elf.dir/Core/Src/stm32f1xx_it.c.obj
                0x08003c42                BusFault_Handler
 .text.UsageFault_Handler
                0x08003c44        0x2 CMakeFiles/Test1.elf.dir/Core/Src/stm32f1xx_it.c.obj
                0x08003c44                UsageFault_Handler
 .text.SVC_Handler
                0x08003c46        0x2 CMakeFiles/Test1.elf.dir/Core/Src/stm32f1xx_it.c.obj
                0x08003c46                SVC_Handler
 .text.DebugMon_Handler
                0x08003c48        0x2 CMakeFiles/Test1.elf.dir/Core/Src/stm32f1xx_it.c.obj
                0x08003c48                DebugMon_Handler
 .text.PendSV_Handler
                0x08003c4a        0x2 CMakeFiles/Test1.elf.dir/Core/Src/stm32f1xx_it.c.obj
                0x08003c4a                PendSV_Handler
 .text.SysTick_Handler
                0x08003c4c        0x8 CMakeFiles/Test1.elf.dir/Core/Src/stm32f1xx_it.c.obj
                0x08003c4c                SysTick_Handler
 .text.TIM2_IRQHandler
                0x08003c54       0x28 CMakeFiles/Test1.elf.dir/Core/Src/stm32f1xx_it.c.obj
                0x08003c54                TIM2_IRQHandler
 .text._getpid  0x08003c7c        0x4 CMakeFiles/Test1.elf.dir/Core/Src/syscalls.c.obj
                0x08003c7c                _getpid
 .text._kill    0x08003c80       0x10 CMakeFiles/Test1.elf.dir/Core/Src/syscalls.c.obj
                0x08003c80                _kill
 .text._exit    0x08003c90        0xc CMakeFiles/Test1.elf.dir/Core/Src/syscalls.c.obj
                0x08003c90                _exit
 .text._read    0x08003c9c       0x20 CMakeFiles/Test1.elf.dir/Core/Src/syscalls.c.obj
                0x08003c9c                _read
 .text._write   0x08003cbc       0x1c CMakeFiles/Test1.elf.dir/Core/Src/syscalls.c.obj
                0x08003cbc                _write
 .text._close   0x08003cd8        0x6 CMakeFiles/Test1.elf.dir/Core/Src/syscalls.c.obj
                0x08003cd8                _close
 .text._fstat   0x08003cde        0xa CMakeFiles/Test1.elf.dir/Core/Src/syscalls.c.obj
                0x08003cde                _fstat
 .text._isatty  0x08003ce8        0x4 CMakeFiles/Test1.elf.dir/Core/Src/syscalls.c.obj
                0x08003ce8                _isatty
 .text._lseek   0x08003cec        0x4 CMakeFiles/Test1.elf.dir/Core/Src/syscalls.c.obj
                0x08003cec                _lseek
 .text._sbrk    0x08003cf0       0x48 CMakeFiles/Test1.elf.dir/Core/Src/sysmem.c.obj
                0x08003cf0                _sbrk
 .text.SystemInit
                0x08003d38        0x2 CMakeFiles/Test1.elf.dir/Core/Src/system_stm32f1xx.c.obj
                0x08003d38                SystemInit
 *fill*         0x08003d3a        0x2 
 .text.MX_TIM1_Init
                0x08003d3c       0x68 CMakeFiles/Test1.elf.dir/Core/Src/tim.c.obj
                0x08003d3c                MX_TIM1_Init
 .text.MX_TIM2_Init
                0x08003da4       0x70 CMakeFiles/Test1.elf.dir/Core/Src/tim.c.obj
                0x08003da4                MX_TIM2_Init
 .text.MX_TIM4_Init
                0x08003e14       0x68 CMakeFiles/Test1.elf.dir/Core/Src/tim.c.obj
                0x08003e14                MX_TIM4_Init
 .text.HAL_TIM_Encoder_MspInit
                0x08003e7c       0xa0 CMakeFiles/Test1.elf.dir/Core/Src/tim.c.obj
                0x08003e7c                HAL_TIM_Encoder_MspInit
 .text.HAL_TIM_Base_MspInit
                0x08003f1c       0x60 CMakeFiles/Test1.elf.dir/Core/Src/tim.c.obj
                0x08003f1c                HAL_TIM_Base_MspInit
 .text.HAL_TIM_MspPostInit
                0x08003f7c       0x50 CMakeFiles/Test1.elf.dir/Core/Src/tim.c.obj
                0x08003f7c                HAL_TIM_MspPostInit
 .text.MX_TIM3_Init
                0x08003fcc       0xc0 CMakeFiles/Test1.elf.dir/Core/Src/tim.c.obj
                0x08003fcc                MX_TIM3_Init
 .text.MX_USART2_UART_Init
                0x0800408c       0x34 CMakeFiles/Test1.elf.dir/Core/Src/usart.c.obj
                0x0800408c                MX_USART2_UART_Init
 .text.HAL_UART_MspInit
                0x080040c0       0x74 CMakeFiles/Test1.elf.dir/Core/Src/usart.c.obj
                0x080040c0                HAL_UART_MspInit
 .text.__io_putchar
                0x08004134       0x20 CMakeFiles/Test1.elf.dir/Core/Src/usart.c.obj
                0x08004134                __io_putchar
 .text.Reset_Handler
                0x08004154       0x48 CMakeFiles/Test1.elf.dir/Core/Startup/startup_stm32f103c8tx.s.obj
                0x08004154                Reset_Handler
 .text.Default_Handler
                0x0800419c        0x2 CMakeFiles/Test1.elf.dir/Core/Startup/startup_stm32f103c8tx.s.obj
                0x0800419c                RTC_Alarm_IRQHandler
                0x0800419c                EXTI2_IRQHandler
                0x0800419c                TIM1_CC_IRQHandler
                0x0800419c                PVD_IRQHandler
                0x0800419c                EXTI3_IRQHandler
                0x0800419c                EXTI0_IRQHandler
                0x0800419c                I2C2_EV_IRQHandler
                0x0800419c                ADC1_2_IRQHandler
                0x0800419c                SPI1_IRQHandler
                0x0800419c                TAMPER_IRQHandler
                0x0800419c                DMA1_Channel4_IRQHandler
                0x0800419c                USART3_IRQHandler
                0x0800419c                RTC_IRQHandler
                0x0800419c                DMA1_Channel7_IRQHandler
                0x0800419c                CAN1_RX1_IRQHandler
                0x0800419c                TIM4_IRQHandler
                0x0800419c                I2C1_EV_IRQHandler
                0x0800419c                DMA1_Channel6_IRQHandler
                0x0800419c                TIM3_IRQHandler
                0x0800419c                RCC_IRQHandler
                0x0800419c                TIM1_TRG_COM_IRQHandler
                0x0800419c                DMA1_Channel1_IRQHandler
                0x0800419c                Default_Handler
                0x0800419c                EXTI15_10_IRQHandler
                0x0800419c                EXTI9_5_IRQHandler
                0x0800419c                SPI2_IRQHandler
                0x0800419c                DMA1_Channel5_IRQHandler
                0x0800419c                EXTI4_IRQHandler
                0x0800419c                USB_LP_CAN1_RX0_IRQHandler
                0x0800419c                USB_HP_CAN1_TX_IRQHandler
                0x0800419c                DMA1_Channel3_IRQHandler
                0x0800419c                TIM1_UP_IRQHandler
                0x0800419c                WWDG_IRQHandler
                0x0800419c                TIM1_BRK_IRQHandler
                0x0800419c                EXTI1_IRQHandler
                0x0800419c                USART2_IRQHandler
                0x0800419c                I2C2_ER_IRQHandler
                0x0800419c                DMA1_Channel2_IRQHandler
                0x0800419c                CAN1_SCE_IRQHandler
                0x0800419c                FLASH_IRQHandler
                0x0800419c                USART1_IRQHandler
                0x0800419c                I2C1_ER_IRQHandler
                0x0800419c                USBWakeUp_IRQHandler
 *fill*         0x0800419e        0x2 
 .text.HAL_InitTick
                0x080041a0       0x4c CMakeFiles/Test1.elf.dir/Drivers/STM32F1xx_HAL_Driver/Src/stm32f1xx_hal.c.obj
                0x080041a0                HAL_InitTick
 .text.HAL_Init
                0x080041ec       0x24 CMakeFiles/Test1.elf.dir/Drivers/STM32F1xx_HAL_Driver/Src/stm32f1xx_hal.c.obj
                0x080041ec                HAL_Init
 .text.HAL_IncTick
                0x08004210       0x18 CMakeFiles/Test1.elf.dir/Drivers/STM32F1xx_HAL_Driver/Src/stm32f1xx_hal.c.obj
                0x08004210                HAL_IncTick
 .text.HAL_GetTick
                0x08004228        0xc CMakeFiles/Test1.elf.dir/Drivers/STM32F1xx_HAL_Driver/Src/stm32f1xx_hal.c.obj
                0x08004228                HAL_GetTick
 .text.HAL_Delay
                0x08004234       0x28 CMakeFiles/Test1.elf.dir/Drivers/STM32F1xx_HAL_Driver/Src/stm32f1xx_hal.c.obj
                0x08004234                HAL_Delay
 .text.HAL_NVIC_SetPriorityGrouping
                0x0800425c       0x24 CMakeFiles/Test1.elf.dir/Drivers/STM32F1xx_HAL_Driver/Src/stm32f1xx_hal_cortex.c.obj
                0x0800425c                HAL_NVIC_SetPriorityGrouping
 .text.HAL_NVIC_SetPriority
                0x08004280       0x70 CMakeFiles/Test1.elf.dir/Drivers/STM32F1xx_HAL_Driver/Src/stm32f1xx_hal_cortex.c.obj
                0x08004280                HAL_NVIC_SetPriority
 .text.HAL_NVIC_EnableIRQ
                0x080042f0       0x1c CMakeFiles/Test1.elf.dir/Drivers/STM32F1xx_HAL_Driver/Src/stm32f1xx_hal_cortex.c.obj
                0x080042f0                HAL_NVIC_EnableIRQ
 .text.HAL_SYSTICK_Config
                0x0800430c       0x28 CMakeFiles/Test1.elf.dir/Drivers/STM32F1xx_HAL_Driver/Src/stm32f1xx_hal_cortex.c.obj
                0x0800430c                HAL_SYSTICK_Config
 .text.HAL_GPIO_Init
                0x08004334      0x224 CMakeFiles/Test1.elf.dir/Drivers/STM32F1xx_HAL_Driver/Src/stm32f1xx_hal_gpio.c.obj
                0x08004334                HAL_GPIO_Init
 .text.HAL_GPIO_WritePin
                0x08004558        0xc CMakeFiles/Test1.elf.dir/Drivers/STM32F1xx_HAL_Driver/Src/stm32f1xx_hal_gpio.c.obj
                0x08004558                HAL_GPIO_WritePin
 .text.I2C_IsAcknowledgeFailed
                0x08004564       0x32 CMakeFiles/Test1.elf.dir/Drivers/STM32F1xx_HAL_Driver/Src/stm32f1xx_hal_i2c.c.obj
 .text.I2C_WaitOnFlagUntilTimeout
                0x08004596       0xaa CMakeFiles/Test1.elf.dir/Drivers/STM32F1xx_HAL_Driver/Src/stm32f1xx_hal_i2c.c.obj
 .text.I2C_WaitOnMasterAddressFlagUntilTimeout
                0x08004640       0xd6 CMakeFiles/Test1.elf.dir/Drivers/STM32F1xx_HAL_Driver/Src/stm32f1xx_hal_i2c.c.obj
 .text.I2C_WaitOnTXEFlagUntilTimeout
                0x08004716       0x5e CMakeFiles/Test1.elf.dir/Drivers/STM32F1xx_HAL_Driver/Src/stm32f1xx_hal_i2c.c.obj
 .text.I2C_RequestMemoryWrite
                0x08004774       0xd8 CMakeFiles/Test1.elf.dir/Drivers/STM32F1xx_HAL_Driver/Src/stm32f1xx_hal_i2c.c.obj
 .text.I2C_RequestMemoryRead
                0x0800484c      0x154 CMakeFiles/Test1.elf.dir/Drivers/STM32F1xx_HAL_Driver/Src/stm32f1xx_hal_i2c.c.obj
 .text.I2C_WaitOnBTFFlagUntilTimeout
                0x080049a0       0x5e CMakeFiles/Test1.elf.dir/Drivers/STM32F1xx_HAL_Driver/Src/stm32f1xx_hal_i2c.c.obj
 .text.I2C_WaitOnRXNEFlagUntilTimeout
                0x080049fe       0x78 CMakeFiles/Test1.elf.dir/Drivers/STM32F1xx_HAL_Driver/Src/stm32f1xx_hal_i2c.c.obj
 *fill*         0x08004a76        0x2 
 .text.HAL_I2C_Init
                0x08004a78      0x1bc CMakeFiles/Test1.elf.dir/Drivers/STM32F1xx_HAL_Driver/Src/stm32f1xx_hal_i2c.c.obj
                0x08004a78                HAL_I2C_Init
 .text.HAL_I2C_Mem_Write
                0x08004c34      0x164 CMakeFiles/Test1.elf.dir/Drivers/STM32F1xx_HAL_Driver/Src/stm32f1xx_hal_i2c.c.obj
                0x08004c34                HAL_I2C_Mem_Write
 .text.HAL_I2C_Mem_Read
                0x08004d98      0x348 CMakeFiles/Test1.elf.dir/Drivers/STM32F1xx_HAL_Driver/Src/stm32f1xx_hal_i2c.c.obj
                0x08004d98                HAL_I2C_Mem_Read
 .text.RCC_Delay
                0x080050e0       0x2c CMakeFiles/Test1.elf.dir/Drivers/STM32F1xx_HAL_Driver/Src/stm32f1xx_hal_rcc.c.obj
 .text.HAL_RCC_OscConfig
                0x0800510c      0x410 CMakeFiles/Test1.elf.dir/Drivers/STM32F1xx_HAL_Driver/Src/stm32f1xx_hal_rcc.c.obj
                0x0800510c                HAL_RCC_OscConfig
 .text.HAL_RCC_GetSysClockFreq
                0x0800551c       0x54 CMakeFiles/Test1.elf.dir/Drivers/STM32F1xx_HAL_Driver/Src/stm32f1xx_hal_rcc.c.obj
                0x0800551c                HAL_RCC_GetSysClockFreq
 .text.HAL_RCC_ClockConfig
                0x08005570      0x16c CMakeFiles/Test1.elf.dir/Drivers/STM32F1xx_HAL_Driver/Src/stm32f1xx_hal_rcc.c.obj
                0x08005570                HAL_RCC_ClockConfig
 .text.HAL_RCC_GetHCLKFreq
                0x080056dc        0xc CMakeFiles/Test1.elf.dir/Drivers/STM32F1xx_HAL_Driver/Src/stm32f1xx_hal_rcc.c.obj
                0x080056dc                HAL_RCC_GetHCLKFreq
 .text.HAL_RCC_GetPCLK1Freq
                0x080056e8       0x20 CMakeFiles/Test1.elf.dir/Drivers/STM32F1xx_HAL_Driver/Src/stm32f1xx_hal_rcc.c.obj
                0x080056e8                HAL_RCC_GetPCLK1Freq
 .text.HAL_RCC_GetPCLK2Freq
                0x08005708       0x20 CMakeFiles/Test1.elf.dir/Drivers/STM32F1xx_HAL_Driver/Src/stm32f1xx_hal_rcc.c.obj
                0x08005708                HAL_RCC_GetPCLK2Freq
 .text.TIM_OC1_SetConfig
                0x08005728       0x5c CMakeFiles/Test1.elf.dir/Drivers/STM32F1xx_HAL_Driver/Src/stm32f1xx_hal_tim.c.obj
 .text.TIM_OC3_SetConfig
                0x08005784       0x64 CMakeFiles/Test1.elf.dir/Drivers/STM32F1xx_HAL_Driver/Src/stm32f1xx_hal_tim.c.obj
 .text.TIM_OC4_SetConfig
                0x080057e8       0x48 CMakeFiles/Test1.elf.dir/Drivers/STM32F1xx_HAL_Driver/Src/stm32f1xx_hal_tim.c.obj
 .text.TIM_TI1_ConfigInputStage
                0x08005830       0x24 CMakeFiles/Test1.elf.dir/Drivers/STM32F1xx_HAL_Driver/Src/stm32f1xx_hal_tim.c.obj
 .text.TIM_TI2_ConfigInputStage
                0x08005854       0x26 CMakeFiles/Test1.elf.dir/Drivers/STM32F1xx_HAL_Driver/Src/stm32f1xx_hal_tim.c.obj
 .text.TIM_ITRx_SetConfig
                0x0800587a       0x10 CMakeFiles/Test1.elf.dir/Drivers/STM32F1xx_HAL_Driver/Src/stm32f1xx_hal_tim.c.obj
 *fill*         0x0800588a        0x2 
 .text.HAL_TIM_Base_Start_IT
                0x0800588c       0x68 CMakeFiles/Test1.elf.dir/Drivers/STM32F1xx_HAL_Driver/Src/stm32f1xx_hal_tim.c.obj
                0x0800588c                HAL_TIM_Base_Start_IT
 .text.HAL_TIM_PWM_MspInit
                0x080058f4        0x2 CMakeFiles/Test1.elf.dir/Drivers/STM32F1xx_HAL_Driver/Src/stm32f1xx_hal_tim.c.obj
                0x080058f4                HAL_TIM_PWM_MspInit
 .text.HAL_TIM_PeriodElapsedCallback
                0x080058f6        0x2 CMakeFiles/Test1.elf.dir/Drivers/STM32F1xx_HAL_Driver/Src/stm32f1xx_hal_tim.c.obj
                0x080058f6                HAL_TIM_PeriodElapsedCallback
 .text.HAL_TIM_OC_DelayElapsedCallback
                0x080058f8        0x2 CMakeFiles/Test1.elf.dir/Drivers/STM32F1xx_HAL_Driver/Src/stm32f1xx_hal_tim.c.obj
                0x080058f8                HAL_TIM_OC_DelayElapsedCallback
 .text.HAL_TIM_IC_CaptureCallback
                0x080058fa        0x2 CMakeFiles/Test1.elf.dir/Drivers/STM32F1xx_HAL_Driver/Src/stm32f1xx_hal_tim.c.obj
                0x080058fa                HAL_TIM_IC_CaptureCallback
 .text.HAL_TIM_PWM_PulseFinishedCallback
                0x080058fc        0x2 CMakeFiles/Test1.elf.dir/Drivers/STM32F1xx_HAL_Driver/Src/stm32f1xx_hal_tim.c.obj
                0x080058fc                HAL_TIM_PWM_PulseFinishedCallback
 .text.HAL_TIM_TriggerCallback
                0x080058fe        0x2 CMakeFiles/Test1.elf.dir/Drivers/STM32F1xx_HAL_Driver/Src/stm32f1xx_hal_tim.c.obj
                0x080058fe                HAL_TIM_TriggerCallback
 .text.HAL_TIM_IRQHandler
                0x08005900      0x17a CMakeFiles/Test1.elf.dir/Drivers/STM32F1xx_HAL_Driver/Src/stm32f1xx_hal_tim.c.obj
                0x08005900                HAL_TIM_IRQHandler
 *fill*         0x08005a7a        0x2 
 .text.TIM_Base_SetConfig
                0x08005a7c       0x74 CMakeFiles/Test1.elf.dir/Drivers/STM32F1xx_HAL_Driver/Src/stm32f1xx_hal_tim.c.obj
                0x08005a7c                TIM_Base_SetConfig
 .text.HAL_TIM_Base_Init
                0x08005af0       0x58 CMakeFiles/Test1.elf.dir/Drivers/STM32F1xx_HAL_Driver/Src/stm32f1xx_hal_tim.c.obj
                0x08005af0                HAL_TIM_Base_Init
 .text.HAL_TIM_PWM_Init
                0x08005b48       0x58 CMakeFiles/Test1.elf.dir/Drivers/STM32F1xx_HAL_Driver/Src/stm32f1xx_hal_tim.c.obj
                0x08005b48                HAL_TIM_PWM_Init
 .text.HAL_TIM_Encoder_Init
                0x08005ba0       0xb8 CMakeFiles/Test1.elf.dir/Drivers/STM32F1xx_HAL_Driver/Src/stm32f1xx_hal_tim.c.obj
                0x08005ba0                HAL_TIM_Encoder_Init
 .text.TIM_OC2_SetConfig
                0x08005c58       0x64 CMakeFiles/Test1.elf.dir/Drivers/STM32F1xx_HAL_Driver/Src/stm32f1xx_hal_tim.c.obj
                0x08005c58                TIM_OC2_SetConfig
 .text.HAL_TIM_PWM_ConfigChannel
                0x08005cbc       0xdc CMakeFiles/Test1.elf.dir/Drivers/STM32F1xx_HAL_Driver/Src/stm32f1xx_hal_tim.c.obj
                0x08005cbc                HAL_TIM_PWM_ConfigChannel
 .text.TIM_ETR_SetConfig
                0x08005d98       0x18 CMakeFiles/Test1.elf.dir/Drivers/STM32F1xx_HAL_Driver/Src/stm32f1xx_hal_tim.c.obj
                0x08005d98                TIM_ETR_SetConfig
 .text.HAL_TIM_ConfigClockSource
                0x08005db0       0xfe CMakeFiles/Test1.elf.dir/Drivers/STM32F1xx_HAL_Driver/Src/stm32f1xx_hal_tim.c.obj
                0x08005db0                HAL_TIM_ConfigClockSource
 .text.TIM_CCxChannelCmd
                0x08005eae       0x1e CMakeFiles/Test1.elf.dir/Drivers/STM32F1xx_HAL_Driver/Src/stm32f1xx_hal_tim.c.obj
                0x08005eae                TIM_CCxChannelCmd
 .text.HAL_TIM_PWM_Start
                0x08005ecc       0xdc CMakeFiles/Test1.elf.dir/Drivers/STM32F1xx_HAL_Driver/Src/stm32f1xx_hal_tim.c.obj
                0x08005ecc                HAL_TIM_PWM_Start
 .text.HAL_TIM_Encoder_Start
                0x08005fa8       0xcc CMakeFiles/Test1.elf.dir/Drivers/STM32F1xx_HAL_Driver/Src/stm32f1xx_hal_tim.c.obj
                0x08005fa8                HAL_TIM_Encoder_Start
 .text.HAL_TIMEx_MasterConfigSynchronization
                0x08006074       0x6c CMakeFiles/Test1.elf.dir/Drivers/STM32F1xx_HAL_Driver/Src/stm32f1xx_hal_tim_ex.c.obj
                0x08006074                HAL_TIMEx_MasterConfigSynchronization
 .text.HAL_TIMEx_CommutCallback
                0x080060e0        0x2 CMakeFiles/Test1.elf.dir/Drivers/STM32F1xx_HAL_Driver/Src/stm32f1xx_hal_tim_ex.c.obj
                0x080060e0                HAL_TIMEx_CommutCallback
 .text.HAL_TIMEx_BreakCallback
                0x080060e2        0x2 CMakeFiles/Test1.elf.dir/Drivers/STM32F1xx_HAL_Driver/Src/stm32f1xx_hal_tim_ex.c.obj
                0x080060e2                HAL_TIMEx_BreakCallback
 .text.UART_SetConfig
                0x080060e4       0x94 CMakeFiles/Test1.elf.dir/Drivers/STM32F1xx_HAL_Driver/Src/stm32f1xx_hal_uart.c.obj
 .text.UART_WaitOnFlagUntilTimeout
                0x08006178       0x88 CMakeFiles/Test1.elf.dir/Drivers/STM32F1xx_HAL_Driver/Src/stm32f1xx_hal_uart.c.obj
 .text.HAL_UART_Init
                0x08006200       0x60 CMakeFiles/Test1.elf.dir/Drivers/STM32F1xx_HAL_Driver/Src/stm32f1xx_hal_uart.c.obj
                0x08006200                HAL_UART_Init
 .text.HAL_UART_Transmit
                0x08006260       0xbe CMakeFiles/Test1.elf.dir/Drivers/STM32F1xx_HAL_Driver/Src/stm32f1xx_hal_uart.c.obj
                0x08006260                HAL_UART_Transmit
 *fill*         0x0800631e        0x2 
 .text.__errno  0x08006320        0xc c:/gcc-arm-none-eabi-10.3-2021.10/bin/../lib/gcc/arm-none-eabi/10.3.1/../../../../arm-none-eabi/lib/thumb/v7-m/nofp\libg.a(lib_a-errno.o)
                0x08006320                __errno
 .text.__libc_init_array
                0x0800632c       0x48 c:/gcc-arm-none-eabi-10.3-2021.10/bin/../lib/gcc/arm-none-eabi/10.3.1/../../../../arm-none-eabi/lib/thumb/v7-m/nofp\libg.a(lib_a-init.o)
                0x0800632c                __libc_init_array
 .text.memcmp   0x08006374       0x68 c:/gcc-arm-none-eabi-10.3-2021.10/bin/../lib/gcc/arm-none-eabi/10.3.1/../../../../arm-none-eabi/lib/thumb/v7-m/nofp\libg.a(lib_a-memcmp.o)
                0x08006374                memcmp
 .text.memset   0x080063dc       0xa4 c:/gcc-arm-none-eabi-10.3-2021.10/bin/../lib/gcc/arm-none-eabi/10.3.1/../../../../arm-none-eabi/lib/thumb/v7-m/nofp\libg.a(lib_a-memset.o)
                0x080063dc                memset
 .text.printf   0x08006480       0x28 c:/gcc-arm-none-eabi-10.3-2021.10/bin/../lib/gcc/arm-none-eabi/10.3.1/../../../../arm-none-eabi/lib/thumb/v7-m/nofp\libg.a(lib_a-printf.o)
                0x08006480                printf
 .text.strlen   0x080064a8       0x5c c:/gcc-arm-none-eabi-10.3-2021.10/bin/../lib/gcc/arm-none-eabi/10.3.1/../../../../arm-none-eabi/lib/thumb/v7-m/nofp\libg.a(lib_a-strlen-stub.o)
                0x080064a8                strlen
 .text._vfprintf_r
                0x08006504     0x1b58 c:/gcc-arm-none-eabi-10.3-2021.10/bin/../lib/gcc/arm-none-eabi/10.3.1/../../../../arm-none-eabi/lib/thumb/v7-m/nofp\libg.a(lib_a-vfprintf.o)
                0x08006504                _vfprintf_r
 .text.__sbprintf
                0x0800805c       0x84 c:/gcc-arm-none-eabi-10.3-2021.10/bin/../lib/gcc/arm-none-eabi/10.3.1/../../../../arm-none-eabi/lib/thumb/v7-m/nofp\libg.a(lib_a-vfprintf.o)
 .text.__swsetup_r
                0x080080e0       0xd4 c:/gcc-arm-none-eabi-10.3-2021.10/bin/../lib/gcc/arm-none-eabi/10.3.1/../../../../arm-none-eabi/lib/thumb/v7-m/nofp\libg.a(lib_a-wsetup.o)
                0x080080e0                __swsetup_r
 .text.quorem   0x080081b4      0x12c c:/gcc-arm-none-eabi-10.3-2021.10/bin/../lib/gcc/arm-none-eabi/10.3.1/../../../../arm-none-eabi/lib/thumb/v7-m/nofp\libg.a(lib_a-dtoa.o)
 .text._dtoa_r  0x080082e0      0xecc c:/gcc-arm-none-eabi-10.3-2021.10/bin/../lib/gcc/arm-none-eabi/10.3.1/../../../../arm-none-eabi/lib/thumb/v7-m/nofp\libg.a(lib_a-dtoa.o)
                0x080082e0                _dtoa_r
 .text.__sflush_r
                0x080091ac      0x124 c:/gcc-arm-none-eabi-10.3-2021.10/bin/../lib/gcc/arm-none-eabi/10.3.1/../../../../arm-none-eabi/lib/thumb/v7-m/nofp\libg.a(lib_a-fflush.o)
                0x080091ac                __sflush_r
 .text._fflush_r
                0x080092d0       0x5c c:/gcc-arm-none-eabi-10.3-2021.10/bin/../lib/gcc/arm-none-eabi/10.3.1/../../../../arm-none-eabi/lib/thumb/v7-m/nofp\libg.a(lib_a-fflush.o)
                0x080092d0                _fflush_r
 .text._cleanup_r
                0x0800932c        0xc c:/gcc-arm-none-eabi-10.3-2021.10/bin/../lib/gcc/arm-none-eabi/10.3.1/../../../../arm-none-eabi/lib/thumb/v7-m/nofp\libg.a(lib_a-findfp.o)
                0x0800932c                _cleanup_r
 .text.__sinit  0x08009338      0x10c c:/gcc-arm-none-eabi-10.3-2021.10/bin/../lib/gcc/arm-none-eabi/10.3.1/../../../../arm-none-eabi/lib/thumb/v7-m/nofp\libg.a(lib_a-findfp.o)
                0x08009338                __sinit
 .text.__sfp_lock_acquire
                0x08009444        0xc c:/gcc-arm-none-eabi-10.3-2021.10/bin/../lib/gcc/arm-none-eabi/10.3.1/../../../../arm-none-eabi/lib/thumb/v7-m/nofp\libg.a(lib_a-findfp.o)
                0x08009444                __sfp_lock_acquire
 .text.__sfp_lock_release
                0x08009450        0xc c:/gcc-arm-none-eabi-10.3-2021.10/bin/../lib/gcc/arm-none-eabi/10.3.1/../../../../arm-none-eabi/lib/thumb/v7-m/nofp\libg.a(lib_a-findfp.o)
                0x08009450                __sfp_lock_release
 .text._malloc_trim_r
                0x0800945c       0xa0 c:/gcc-arm-none-eabi-10.3-2021.10/bin/../lib/gcc/arm-none-eabi/10.3.1/../../../../arm-none-eabi/lib/thumb/v7-m/nofp\libg.a(lib_a-freer.o)
                0x0800945c                _malloc_trim_r
 .text._free_r  0x080094fc      0x200 c:/gcc-arm-none-eabi-10.3-2021.10/bin/../lib/gcc/arm-none-eabi/10.3.1/../../../../arm-none-eabi/lib/thumb/v7-m/nofp\libg.a(lib_a-freer.o)
                0x080094fc                _free_r
 .text.__sfvwrite_r
                0x080096fc      0x2f0 c:/gcc-arm-none-eabi-10.3-2021.10/bin/../lib/gcc/arm-none-eabi/10.3.1/../../../../arm-none-eabi/lib/thumb/v7-m/nofp\libg.a(lib_a-fvwrite.o)
                0x080096fc                __sfvwrite_r
 .text._fwalk_reent
                0x080099ec       0x48 c:/gcc-arm-none-eabi-10.3-2021.10/bin/../lib/gcc/arm-none-eabi/10.3.1/../../../../arm-none-eabi/lib/thumb/v7-m/nofp\libg.a(lib_a-fwalk.o)
                0x080099ec                _fwalk_reent
 .text._localeconv_r
                0x08009a34        0x8 c:/gcc-arm-none-eabi-10.3-2021.10/bin/../lib/gcc/arm-none-eabi/10.3.1/../../../../arm-none-eabi/lib/thumb/v7-m/nofp\libg.a(lib_a-localeconv.o)
                0x08009a34                _localeconv_r
 .text.__retarget_lock_init_recursive
                0x08009a3c        0x4 c:/gcc-arm-none-eabi-10.3-2021.10/bin/../lib/gcc/arm-none-eabi/10.3.1/../../../../arm-none-eabi/lib/thumb/v7-m/nofp\libg.a(lib_a-lock.o)
                0x08009a3c                __retarget_lock_init_recursive
 .text.__retarget_lock_close_recursive
                0x08009a40        0x4 c:/gcc-arm-none-eabi-10.3-2021.10/bin/../lib/gcc/arm-none-eabi/10.3.1/../../../../arm-none-eabi/lib/thumb/v7-m/nofp\libg.a(lib_a-lock.o)
                0x08009a40                __retarget_lock_close_recursive
 .text.__retarget_lock_acquire_recursive
                0x08009a44        0x4 c:/gcc-arm-none-eabi-10.3-2021.10/bin/../lib/gcc/arm-none-eabi/10.3.1/../../../../arm-none-eabi/lib/thumb/v7-m/nofp\libg.a(lib_a-lock.o)
                0x08009a44                __retarget_lock_acquire_recursive
 .text.__retarget_lock_release_recursive
                0x08009a48        0x4 c:/gcc-arm-none-eabi-10.3-2021.10/bin/../lib/gcc/arm-none-eabi/10.3.1/../../../../arm-none-eabi/lib/thumb/v7-m/nofp\libg.a(lib_a-lock.o)
                0x08009a48                __retarget_lock_release_recursive
 .text.__smakebuf_r
                0x08009a4c       0xe0 c:/gcc-arm-none-eabi-10.3-2021.10/bin/../lib/gcc/arm-none-eabi/10.3.1/../../../../arm-none-eabi/lib/thumb/v7-m/nofp\libg.a(lib_a-makebuf.o)
                0x08009a4c                __smakebuf_r
 .text._malloc_r
                0x08009b2c      0x558 c:/gcc-arm-none-eabi-10.3-2021.10/bin/../lib/gcc/arm-none-eabi/10.3.1/../../../../arm-none-eabi/lib/thumb/v7-m/nofp\libg.a(lib_a-mallocr.o)
                0x08009b2c                _malloc_r
 .text.memchr   0x0800a084       0x90 c:/gcc-arm-none-eabi-10.3-2021.10/bin/../lib/gcc/arm-none-eabi/10.3.1/../../../../arm-none-eabi/lib/thumb/v7-m/nofp\libg.a(lib_a-memchr-stub.o)
                0x0800a084                memchr
 .text.memmove  0x0800a114       0xf8 c:/gcc-arm-none-eabi-10.3-2021.10/bin/../lib/gcc/arm-none-eabi/10.3.1/../../../../arm-none-eabi/lib/thumb/v7-m/nofp\libg.a(lib_a-memmove.o)
                0x0800a114                memmove
 .text.__malloc_lock
                0x0800a20c        0xc c:/gcc-arm-none-eabi-10.3-2021.10/bin/../lib/gcc/arm-none-eabi/10.3.1/../../../../arm-none-eabi/lib/thumb/v7-m/nofp\libg.a(lib_a-mlock.o)
                0x0800a20c                __malloc_lock
 .text.__malloc_unlock
                0x0800a218        0xc c:/gcc-arm-none-eabi-10.3-2021.10/bin/../lib/gcc/arm-none-eabi/10.3.1/../../../../arm-none-eabi/lib/thumb/v7-m/nofp\libg.a(lib_a-mlock.o)
                0x0800a218                __malloc_unlock
 .text._Balloc  0x0800a224       0x4c c:/gcc-arm-none-eabi-10.3-2021.10/bin/../lib/gcc/arm-none-eabi/10.3.1/../../../../arm-none-eabi/lib/thumb/v7-m/nofp\libg.a(lib_a-mprec.o)
                0x0800a224                _Balloc
 .text._Bfree   0x0800a270       0x14 c:/gcc-arm-none-eabi-10.3-2021.10/bin/../lib/gcc/arm-none-eabi/10.3.1/../../../../arm-none-eabi/lib/thumb/v7-m/nofp\libg.a(lib_a-mprec.o)
                0x0800a270                _Bfree
 .text.__multadd
                0x0800a284       0xa4 c:/gcc-arm-none-eabi-10.3-2021.10/bin/../lib/gcc/arm-none-eabi/10.3.1/../../../../arm-none-eabi/lib/thumb/v7-m/nofp\libg.a(lib_a-mprec.o)
                0x0800a284                __multadd
 .text.__hi0bits
                0x0800a328       0x40 c:/gcc-arm-none-eabi-10.3-2021.10/bin/../lib/gcc/arm-none-eabi/10.3.1/../../../../arm-none-eabi/lib/thumb/v7-m/nofp\libg.a(lib_a-mprec.o)
                0x0800a328                __hi0bits
 .text.__lo0bits
                0x0800a368       0x58 c:/gcc-arm-none-eabi-10.3-2021.10/bin/../lib/gcc/arm-none-eabi/10.3.1/../../../../arm-none-eabi/lib/thumb/v7-m/nofp\libg.a(lib_a-mprec.o)
                0x0800a368                __lo0bits
 .text.__i2b    0x0800a3c0       0x5c c:/gcc-arm-none-eabi-10.3-2021.10/bin/../lib/gcc/arm-none-eabi/10.3.1/../../../../arm-none-eabi/lib/thumb/v7-m/nofp\libg.a(lib_a-mprec.o)
                0x0800a3c0                __i2b
 .text.__multiply
                0x0800a41c      0x15c c:/gcc-arm-none-eabi-10.3-2021.10/bin/../lib/gcc/arm-none-eabi/10.3.1/../../../../arm-none-eabi/lib/thumb/v7-m/nofp\libg.a(lib_a-mprec.o)
                0x0800a41c                __multiply
 .text.__pow5mult
                0x0800a578       0xb8 c:/gcc-arm-none-eabi-10.3-2021.10/bin/../lib/gcc/arm-none-eabi/10.3.1/../../../../arm-none-eabi/lib/thumb/v7-m/nofp\libg.a(lib_a-mprec.o)
                0x0800a578                __pow5mult
 .text.__lshift
                0x0800a630       0xec c:/gcc-arm-none-eabi-10.3-2021.10/bin/../lib/gcc/arm-none-eabi/10.3.1/../../../../arm-none-eabi/lib/thumb/v7-m/nofp\libg.a(lib_a-mprec.o)
                0x0800a630                __lshift
 .text.__mcmp   0x0800a71c       0x40 c:/gcc-arm-none-eabi-10.3-2021.10/bin/../lib/gcc/arm-none-eabi/10.3.1/../../../../arm-none-eabi/lib/thumb/v7-m/nofp\libg.a(lib_a-mprec.o)
                0x0800a71c                __mcmp
 .text.__mdiff  0x0800a75c      0x14c c:/gcc-arm-none-eabi-10.3-2021.10/bin/../lib/gcc/arm-none-eabi/10.3.1/../../../../arm-none-eabi/lib/thumb/v7-m/nofp\libg.a(lib_a-mprec.o)
                0x0800a75c                __mdiff
 .text.__d2b    0x0800a8a8       0xc4 c:/gcc-arm-none-eabi-10.3-2021.10/bin/../lib/gcc/arm-none-eabi/10.3.1/../../../../arm-none-eabi/lib/thumb/v7-m/nofp\libg.a(lib_a-mprec.o)
                0x0800a8a8                __d2b
 .text._realloc_r
                0x0800a96c      0x3dc c:/gcc-arm-none-eabi-10.3-2021.10/bin/../lib/gcc/arm-none-eabi/10.3.1/../../../../arm-none-eabi/lib/thumb/v7-m/nofp\libg.a(lib_a-reallocr.o)
                0x0800a96c                _realloc_r
 .text.frexp    0x0800ad48       0x70 c:/gcc-arm-none-eabi-10.3-2021.10/bin/../lib/gcc/arm-none-eabi/10.3.1/../../../../arm-none-eabi/lib/thumb/v7-m/nofp\libg.a(lib_a-s_frexp.o)
                0x0800ad48                frexp
 .text._sbrk_r  0x0800adb8       0x24 c:/gcc-arm-none-eabi-10.3-2021.10/bin/../lib/gcc/arm-none-eabi/10.3.1/../../../../arm-none-eabi/lib/thumb/v7-m/nofp\libg.a(lib_a-sbrkr.o)
                0x0800adb8                _sbrk_r
 .text.__sread  0x0800addc       0x24 c:/gcc-arm-none-eabi-10.3-2021.10/bin/../lib/gcc/arm-none-eabi/10.3.1/../../../../arm-none-eabi/lib/thumb/v7-m/nofp\libg.a(lib_a-stdio.o)
                0x0800addc                __sread
 .text.__swrite
                0x0800ae00       0x40 c:/gcc-arm-none-eabi-10.3-2021.10/bin/../lib/gcc/arm-none-eabi/10.3.1/../../../../arm-none-eabi/lib/thumb/v7-m/nofp\libg.a(lib_a-stdio.o)
                0x0800ae00                __swrite
 .text.__sseek  0x0800ae40       0x20 c:/gcc-arm-none-eabi-10.3-2021.10/bin/../lib/gcc/arm-none-eabi/10.3.1/../../../../arm-none-eabi/lib/thumb/v7-m/nofp\libg.a(lib_a-stdio.o)
                0x0800ae40                __sseek
 .text.__sclose
                0x0800ae60        0x8 c:/gcc-arm-none-eabi-10.3-2021.10/bin/../lib/gcc/arm-none-eabi/10.3.1/../../../../arm-none-eabi/lib/thumb/v7-m/nofp\libg.a(lib_a-stdio.o)
                0x0800ae60                __sclose
 .text.strncpy  0x0800ae68       0x68 c:/gcc-arm-none-eabi-10.3-2021.10/bin/../lib/gcc/arm-none-eabi/10.3.1/../../../../arm-none-eabi/lib/thumb/v7-m/nofp\libg.a(lib_a-strncpy.o)
                0x0800ae68                strncpy
 .text.__sprint_r.part.0
                0x0800aed0       0x78 c:/gcc-arm-none-eabi-10.3-2021.10/bin/../lib/gcc/arm-none-eabi/10.3.1/../../../../arm-none-eabi/lib/thumb/v7-m/nofp\libg.a(lib_a-vfiprintf.o)
 .text.__sprint_r
                0x0800af48       0x14 c:/gcc-arm-none-eabi-10.3-2021.10/bin/../lib/gcc/arm-none-eabi/10.3.1/../../../../arm-none-eabi/lib/thumb/v7-m/nofp\libg.a(lib_a-vfiprintf.o)
                0x0800af48                __sprint_r
 .text._vfiprintf_r
                0x0800af5c      0xd98 c:/gcc-arm-none-eabi-10.3-2021.10/bin/../lib/gcc/arm-none-eabi/10.3.1/../../../../arm-none-eabi/lib/thumb/v7-m/nofp\libg.a(lib_a-vfiprintf.o)
                0x0800af5c                _vfiprintf_r
 .text.__sbprintf
                0x0800bcf4       0x84 c:/gcc-arm-none-eabi-10.3-2021.10/bin/../lib/gcc/arm-none-eabi/10.3.1/../../../../arm-none-eabi/lib/thumb/v7-m/nofp\libg.a(lib_a-vfiprintf.o)
 .text._write_r
                0x0800bd78       0x2c c:/gcc-arm-none-eabi-10.3-2021.10/bin/../lib/gcc/arm-none-eabi/10.3.1/../../../../arm-none-eabi/lib/thumb/v7-m/nofp\libg.a(lib_a-writer.o)
                0x0800bd78                _write_r
 .text.__assert_func
                0x0800bda4       0x40 c:/gcc-arm-none-eabi-10.3-2021.10/bin/../lib/gcc/arm-none-eabi/10.3.1/../../../../arm-none-eabi/lib/thumb/v7-m/nofp\libg.a(lib_a-assert.o)
                0x0800bda4                __assert_func
 .text._calloc_r
                0x0800bde4       0x78 c:/gcc-arm-none-eabi-10.3-2021.10/bin/../lib/gcc/arm-none-eabi/10.3.1/../../../../arm-none-eabi/lib/thumb/v7-m/nofp\libg.a(lib_a-callocr.o)
                0x0800bde4                _calloc_r
 .text._close_r
                0x0800be5c       0x24 c:/gcc-arm-none-eabi-10.3-2021.10/bin/../lib/gcc/arm-none-eabi/10.3.1/../../../../arm-none-eabi/lib/thumb/v7-m/nofp\libg.a(lib_a-closer.o)
                0x0800be5c                _close_r
 .text._fclose_r
                0x0800be80       0xcc c:/gcc-arm-none-eabi-10.3-2021.10/bin/../lib/gcc/arm-none-eabi/10.3.1/../../../../arm-none-eabi/lib/thumb/v7-m/nofp\libg.a(lib_a-fclose.o)
                0x0800be80                _fclose_r
 .text.fiprintf
                0x0800bf4c       0x28 c:/gcc-arm-none-eabi-10.3-2021.10/bin/../lib/gcc/arm-none-eabi/10.3.1/../../../../arm-none-eabi/lib/thumb/v7-m/nofp\libg.a(lib_a-fiprintf.o)
                0x0800bf4c                fiprintf
 .text.__fputwc
                0x0800bf74       0xa0 c:/gcc-arm-none-eabi-10.3-2021.10/bin/../lib/gcc/arm-none-eabi/10.3.1/../../../../arm-none-eabi/lib/thumb/v7-m/nofp\libg.a(lib_a-fputwc.o)
                0x0800bf74                __fputwc
 .text._fputwc_r
                0x0800c014       0x68 c:/gcc-arm-none-eabi-10.3-2021.10/bin/../lib/gcc/arm-none-eabi/10.3.1/../../../../arm-none-eabi/lib/thumb/v7-m/nofp\libg.a(lib_a-fputwc.o)
                0x0800c014                _fputwc_r
 .text._fstat_r
                0x0800c07c       0x28 c:/gcc-arm-none-eabi-10.3-2021.10/bin/../lib/gcc/arm-none-eabi/10.3.1/../../../../arm-none-eabi/lib/thumb/v7-m/nofp\libg.a(lib_a-fstatr.o)
                0x0800c07c                _fstat_r
 .text._isatty_r
                0x0800c0a4       0x24 c:/gcc-arm-none-eabi-10.3-2021.10/bin/../lib/gcc/arm-none-eabi/10.3.1/../../../../arm-none-eabi/lib/thumb/v7-m/nofp\libg.a(lib_a-isattyr.o)
                0x0800c0a4                _isatty_r
 .text.__locale_mb_cur_max
                0x0800c0c8        0xc c:/gcc-arm-none-eabi-10.3-2021.10/bin/../lib/gcc/arm-none-eabi/10.3.1/../../../../arm-none-eabi/lib/thumb/v7-m/nofp\libg.a(lib_a-locale.o)
                0x0800c0c8                __locale_mb_cur_max
 .text._lseek_r
                0x0800c0d4       0x2c c:/gcc-arm-none-eabi-10.3-2021.10/bin/../lib/gcc/arm-none-eabi/10.3.1/../../../../arm-none-eabi/lib/thumb/v7-m/nofp\libg.a(lib_a-lseekr.o)
                0x0800c0d4                _lseek_r
 .text.__ascii_mbtowc
                0x0800c100       0x2c c:/gcc-arm-none-eabi-10.3-2021.10/bin/../lib/gcc/arm-none-eabi/10.3.1/../../../../arm-none-eabi/lib/thumb/v7-m/nofp\libg.a(lib_a-mbtowc_r.o)
                0x0800c100                __ascii_mbtowc
 .text._read_r  0x0800c12c       0x2c c:/gcc-arm-none-eabi-10.3-2021.10/bin/../lib/gcc/arm-none-eabi/10.3.1/../../../../arm-none-eabi/lib/thumb/v7-m/nofp\libg.a(lib_a-readr.o)
                0x0800c12c                _read_r
 .text.__swbuf_r
                0x0800c158       0xb0 c:/gcc-arm-none-eabi-10.3-2021.10/bin/../lib/gcc/arm-none-eabi/10.3.1/../../../../arm-none-eabi/lib/thumb/v7-m/nofp\libg.a(lib_a-wbuf.o)
                0x0800c158                __swbuf_r
 .text._wcrtomb_r
                0x0800c208       0x3c c:/gcc-arm-none-eabi-10.3-2021.10/bin/../lib/gcc/arm-none-eabi/10.3.1/../../../../arm-none-eabi/lib/thumb/v7-m/nofp\libg.a(lib_a-wcrtomb.o)
                0x0800c208                _wcrtomb_r
 .text.__ascii_wctomb
                0x0800c244       0x1c c:/gcc-arm-none-eabi-10.3-2021.10/bin/../lib/gcc/arm-none-eabi/10.3.1/../../../../arm-none-eabi/lib/thumb/v7-m/nofp\libg.a(lib_a-wctomb_r.o)
                0x0800c244                __ascii_wctomb
 .text.abort    0x0800c260       0x10 c:/gcc-arm-none-eabi-10.3-2021.10/bin/../lib/gcc/arm-none-eabi/10.3.1/../../../../arm-none-eabi/lib/thumb/v7-m/nofp\libg.a(lib_a-abort.o)
                0x0800c260                abort
 .text.raise    0x0800c270       0x5c c:/gcc-arm-none-eabi-10.3-2021.10/bin/../lib/gcc/arm-none-eabi/10.3.1/../../../../arm-none-eabi/lib/thumb/v7-m/nofp\libg.a(lib_a-signal.o)
                0x0800c270                raise
 .text._kill_r  0x0800c2cc       0x28 c:/gcc-arm-none-eabi-10.3-2021.10/bin/../lib/gcc/arm-none-eabi/10.3.1/../../../../arm-none-eabi/lib/thumb/v7-m/nofp\libg.a(lib_a-signalr.o)
                0x0800c2cc                _kill_r
 .text._getpid_r
                0x0800c2f4        0x4 c:/gcc-arm-none-eabi-10.3-2021.10/bin/../lib/gcc/arm-none-eabi/10.3.1/../../../../arm-none-eabi/lib/thumb/v7-m/nofp\libg.a(lib_a-signalr.o)
                0x0800c2f4                _getpid_r
 *(.glue_7)
 .glue_7        0x0800c2f8        0x0 linker stubs
 *(.glue_7t)
 .glue_7t       0x0800c2f8        0x0 linker stubs
 *(.eh_frame)
 *(.init)
 .init          0x0800c2f8        0x4 c:/gcc-arm-none-eabi-10.3-2021.10/bin/../lib/gcc/arm-none-eabi/10.3.1/thumb/v7-m/nofp/crti.o
                0x0800c2f8                _init
 .init          0x0800c2fc        0x8 c:/gcc-arm-none-eabi-10.3-2021.10/bin/../lib/gcc/arm-none-eabi/10.3.1/thumb/v7-m/nofp/crtn.o
 *(.fini)
 .fini          0x0800c304        0x4 c:/gcc-arm-none-eabi-10.3-2021.10/bin/../lib/gcc/arm-none-eabi/10.3.1/thumb/v7-m/nofp/crti.o
                0x0800c304                _fini
 .fini          0x0800c308        0x8 c:/gcc-arm-none-eabi-10.3-2021.10/bin/../lib/gcc/arm-none-eabi/10.3.1/thumb/v7-m/nofp/crtn.o
                0x0800c310                . = ALIGN (0x4)
                0x0800c310                _etext = .

.vfp11_veneer   0x0800c310        0x0
 .vfp11_veneer  0x0800c310        0x0 linker stubs

.v4_bx          0x0800c310        0x0
 .v4_bx         0x0800c310        0x0 linker stubs

.iplt           0x0800c310        0x0
 .iplt          0x0800c310        0x0 CMakeFiles/Test1.elf.dir/Core/Src/Encoder.c.obj

.rodata         0x0800c310     0x10b0
                0x0800c310                . = ALIGN (0x4)
 *(.rodata)
 *(.rodata*)
 .rodata.hw     0x0800c310        0xc CMakeFiles/Test1.elf.dir/Core/Src/inv_mpu.c.obj
                0x0800c310                hw
 .rodata.reg    0x0800c31c       0x1e CMakeFiles/Test1.elf.dir/Core/Src/inv_mpu.c.obj
                0x0800c31c                reg
 *fill*         0x0800c33a        0x2 
 .rodata.test   0x0800c33c       0x28 CMakeFiles/Test1.elf.dir/Core/Src/inv_mpu.c.obj
                0x0800c33c                test
 .rodata.dmp_set_orientation.str1.4
                0x0800c364       0x10 CMakeFiles/Test1.elf.dir/Core/Src/inv_mpu_dmp_motion_driver.c.obj
 .rodata.dmp_set_fifo_rate.str1.4
                0x0800c374        0xd CMakeFiles/Test1.elf.dir/Core/Src/inv_mpu_dmp_motion_driver.c.obj
 *fill*         0x0800c381        0x3 
 .rodata.dmp_enable_gyro_cal.str1.4
                0x0800c384       0x16 CMakeFiles/Test1.elf.dir/Core/Src/inv_mpu_dmp_motion_driver.c.obj
 *fill*         0x0800c39a        0x2 
 .rodata.dmp_memory
                0x0800c39c      0xbf6 CMakeFiles/Test1.elf.dir/Core/Src/inv_mpu_dmp_motion_driver.c.obj
 *fill*         0x0800cf92        0x2 
 .rodata.main.str1.4
                0x0800cf94        0x7 CMakeFiles/Test1.elf.dir/Core/Src/main.c.obj
 *fill*         0x0800cf9b        0x1 
 .rodata.AHBPrescTable
                0x0800cf9c       0x10 CMakeFiles/Test1.elf.dir/Core/Src/system_stm32f1xx.c.obj
                0x0800cf9c                AHBPrescTable
 .rodata.APBPrescTable
                0x0800cfac        0x8 CMakeFiles/Test1.elf.dir/Core/Src/system_stm32f1xx.c.obj
                0x0800cfac                APBPrescTable
 .rodata.aPLLMULFactorTable.1
                0x0800cfb4       0x10 CMakeFiles/Test1.elf.dir/Drivers/STM32F1xx_HAL_Driver/Src/stm32f1xx_hal_rcc.c.obj
 .rodata.aPredivFactorTable.0
                0x0800cfc4        0x2 CMakeFiles/Test1.elf.dir/Drivers/STM32F1xx_HAL_Driver/Src/stm32f1xx_hal_rcc.c.obj
 *fill*         0x0800cfc6        0x2 
 .rodata._vfprintf_r.str1.4
                0x0800cfc8       0x42 c:/gcc-arm-none-eabi-10.3-2021.10/bin/../lib/gcc/arm-none-eabi/10.3.1/../../../../arm-none-eabi/lib/thumb/v7-m/nofp\libg.a(lib_a-vfprintf.o)
 *fill*         0x0800d00a        0x2 
 .rodata.blanks.1
                0x0800d00c       0x10 c:/gcc-arm-none-eabi-10.3-2021.10/bin/../lib/gcc/arm-none-eabi/10.3.1/../../../../arm-none-eabi/lib/thumb/v7-m/nofp\libg.a(lib_a-vfprintf.o)
 .rodata.zeroes.0
                0x0800d01c       0x10 c:/gcc-arm-none-eabi-10.3-2021.10/bin/../lib/gcc/arm-none-eabi/10.3.1/../../../../arm-none-eabi/lib/thumb/v7-m/nofp\libg.a(lib_a-vfprintf.o)
 .rodata._dtoa_r.str1.4
                0x0800d02c       0xa2 c:/gcc-arm-none-eabi-10.3-2021.10/bin/../lib/gcc/arm-none-eabi/10.3.1/../../../../arm-none-eabi/lib/thumb/v7-m/nofp\libg.a(lib_a-dtoa.o)
                                 0xa6 (size before relaxing)
 *fill*         0x0800d0ce        0x2 
 .rodata.__multadd.str1.4
                0x0800d0d0       0x7f c:/gcc-arm-none-eabi-10.3-2021.10/bin/../lib/gcc/arm-none-eabi/10.3.1/../../../../arm-none-eabi/lib/thumb/v7-m/nofp\libg.a(lib_a-mprec.o)
                                 0x93 (size before relaxing)
 *fill*         0x0800d14f        0x1 
 .rodata.__mprec_bigtens
                0x0800d150       0x28 c:/gcc-arm-none-eabi-10.3-2021.10/bin/../lib/gcc/arm-none-eabi/10.3.1/../../../../arm-none-eabi/lib/thumb/v7-m/nofp\libg.a(lib_a-mprec.o)
                0x0800d150                __mprec_bigtens
 .rodata.__mprec_tens
                0x0800d178       0xc8 c:/gcc-arm-none-eabi-10.3-2021.10/bin/../lib/gcc/arm-none-eabi/10.3.1/../../../../arm-none-eabi/lib/thumb/v7-m/nofp\libg.a(lib_a-mprec.o)
                0x0800d178                __mprec_tens
 .rodata.p05.0  0x0800d240        0xc c:/gcc-arm-none-eabi-10.3-2021.10/bin/../lib/gcc/arm-none-eabi/10.3.1/../../../../arm-none-eabi/lib/thumb/v7-m/nofp\libg.a(lib_a-mprec.o)
 .rodata._vfiprintf_r.str1.4
                0x0800d24c       0x2f c:/gcc-arm-none-eabi-10.3-2021.10/bin/../lib/gcc/arm-none-eabi/10.3.1/../../../../arm-none-eabi/lib/thumb/v7-m/nofp\libg.a(lib_a-vfiprintf.o)
 .rodata.blanks.1
                0x0800d24c       0x10 c:/gcc-arm-none-eabi-10.3-2021.10/bin/../lib/gcc/arm-none-eabi/10.3.1/../../../../arm-none-eabi/lib/thumb/v7-m/nofp\libg.a(lib_a-vfiprintf.o)
 .rodata.zeroes.0
                0x0800d25c       0x10 c:/gcc-arm-none-eabi-10.3-2021.10/bin/../lib/gcc/arm-none-eabi/10.3.1/../../../../arm-none-eabi/lib/thumb/v7-m/nofp\libg.a(lib_a-vfiprintf.o)
 .rodata.__assert_func.str1.4
                0x0800d26c       0x3f c:/gcc-arm-none-eabi-10.3-2021.10/bin/../lib/gcc/arm-none-eabi/10.3.1/../../../../arm-none-eabi/lib/thumb/v7-m/nofp\libg.a(lib_a-assert.o)
                                 0x43 (size before relaxing)
 *fill*         0x0800d2ab        0x1 
 .rodata._setlocale_r.str1.4
                0x0800d2ac        0xa c:/gcc-arm-none-eabi-10.3-2021.10/bin/../lib/gcc/arm-none-eabi/10.3.1/../../../../arm-none-eabi/lib/thumb/v7-m/nofp\libg.a(lib_a-locale.o)
                                  0xd (size before relaxing)
 *fill*         0x0800d2b6        0x2 
 .rodata.str1.4
                0x0800d2b8        0x2 c:/gcc-arm-none-eabi-10.3-2021.10/bin/../lib/gcc/arm-none-eabi/10.3.1/../../../../arm-none-eabi/lib/thumb/v7-m/nofp\libg.a(lib_a-locale.o)
 *fill*         0x0800d2ba        0x2 
 .rodata._ctype_
                0x0800d2bc      0x101 c:/gcc-arm-none-eabi-10.3-2021.10/bin/../lib/gcc/arm-none-eabi/10.3.1/../../../../arm-none-eabi/lib/thumb/v7-m/nofp\libg.a(lib_a-ctype_.o)
                0x0800d2bc                _ctype_
                0x0800d3c0                . = ALIGN (0x4)
 *fill*         0x0800d3bd        0x3 
                0x0800d3c8                _sidata = LOADADDR (.data)

.ARM.exidx      0x0800d3c0        0x8
 .ARM.exidx     0x0800d3c0        0x8 c:/gcc-arm-none-eabi-10.3-2021.10/bin/../lib/gcc/arm-none-eabi/10.3.1/thumb/v7-m/nofp\libgcc.a(_udivmoddi4.o)

.rel.dyn        0x0800d3c8        0x0
 .rel.iplt      0x0800d3c8        0x0 CMakeFiles/Test1.elf.dir/Core/Src/Encoder.c.obj

.data           0x20000000      0x9ec load address 0x0800d3c8
                0x20000000                . = ALIGN (0x4)
                0x20000000                _sdata = .
 *(.data)
 *(.data*)
 .data.gyro_orientation
                0x20000000        0x9 CMakeFiles/Test1.elf.dir/Core/Src/MPU6050.c.obj
 *fill*         0x20000009        0x3 
 .data.st       0x2000000c       0x2c CMakeFiles/Test1.elf.dir/Core/Src/inv_mpu.c.obj
 .data.SystemCoreClock
                0x20000038        0x4 CMakeFiles/Test1.elf.dir/Core/Src/system_stm32f1xx.c.obj
                0x20000038                SystemCoreClock
 .data.uwTickFreq
                0x2000003c        0x1 CMakeFiles/Test1.elf.dir/Drivers/STM32F1xx_HAL_Driver/Src/stm32f1xx_hal.c.obj
                0x2000003c                uwTickFreq
 *fill*         0x2000003d        0x3 
 .data.uwTickPrio
                0x20000040        0x4 CMakeFiles/Test1.elf.dir/Drivers/STM32F1xx_HAL_Driver/Src/stm32f1xx_hal.c.obj
                0x20000040                uwTickPrio
 .data._impure_ptr
                0x20000044        0x4 c:/gcc-arm-none-eabi-10.3-2021.10/bin/../lib/gcc/arm-none-eabi/10.3.1/../../../../arm-none-eabi/lib/thumb/v7-m/nofp\libg.a(lib_a-impure.o)
                0x20000044                _impure_ptr
 .data.impure_data
                0x20000048      0x428 c:/gcc-arm-none-eabi-10.3-2021.10/bin/../lib/gcc/arm-none-eabi/10.3.1/../../../../arm-none-eabi/lib/thumb/v7-m/nofp\libg.a(lib_a-impure.o)
 .data.__malloc_av_
                0x20000470      0x408 c:/gcc-arm-none-eabi-10.3-2021.10/bin/../lib/gcc/arm-none-eabi/10.3.1/../../../../arm-none-eabi/lib/thumb/v7-m/nofp\libg.a(lib_a-mallocr.o)
                0x20000470                __malloc_av_
 .data.__malloc_sbrk_base
                0x20000878        0x4 c:/gcc-arm-none-eabi-10.3-2021.10/bin/../lib/gcc/arm-none-eabi/10.3.1/../../../../arm-none-eabi/lib/thumb/v7-m/nofp\libg.a(lib_a-mallocr.o)
                0x20000878                __malloc_sbrk_base
 .data.__malloc_trim_threshold
                0x2000087c        0x4 c:/gcc-arm-none-eabi-10.3-2021.10/bin/../lib/gcc/arm-none-eabi/10.3.1/../../../../arm-none-eabi/lib/thumb/v7-m/nofp\libg.a(lib_a-mallocr.o)
                0x2000087c                __malloc_trim_threshold
 .data.__global_locale
                0x20000880      0x16c c:/gcc-arm-none-eabi-10.3-2021.10/bin/../lib/gcc/arm-none-eabi/10.3.1/../../../../arm-none-eabi/lib/thumb/v7-m/nofp\libg.a(lib_a-locale.o)
                0x20000880                __global_locale
 *(.RamFunc)
 *(.RamFunc*)
                0x200009ec                . = ALIGN (0x4)
                0x200009ec                _edata = .

.igot.plt       0x200009ec        0x0 load address 0x0800ddb4
 .igot.plt      0x200009ec        0x0 CMakeFiles/Test1.elf.dir/Core/Src/Encoder.c.obj
                0x200009ec                . = ALIGN (0x4)

.bss            0x200009ec      0x21c load address 0x0800ddb4
                0x200009ec                _sbss = .
                0x200009ec                __bss_start__ = _sbss
 *(.bss)
 *(.bss*)
 .bss.hi2c1     0x200009ec       0x54 CMakeFiles/Test1.elf.dir/Core/Src/i2c.c.obj
                0x200009ec                hi2c1
 .bss.dmp       0x20000a40       0x10 CMakeFiles/Test1.elf.dir/Core/Src/inv_mpu_dmp_motion_driver.c.obj
 .bss.Speed1    0x20000a50        0x2 CMakeFiles/Test1.elf.dir/Core/Src/main.c.obj
                0x20000a50                Speed1
 .bss.Speed2    0x20000a52        0x2 CMakeFiles/Test1.elf.dir/Core/Src/main.c.obj
                0x20000a52                Speed2
 .bss.__sbrk_heap_end
                0x20000a54        0x4 CMakeFiles/Test1.elf.dir/Core/Src/sysmem.c.obj
 .bss.htim1     0x20000a58       0x48 CMakeFiles/Test1.elf.dir/Core/Src/tim.c.obj
                0x20000a58                htim1
 .bss.htim2     0x20000aa0       0x48 CMakeFiles/Test1.elf.dir/Core/Src/tim.c.obj
                0x20000aa0                htim2
 .bss.htim3     0x20000ae8       0x48 CMakeFiles/Test1.elf.dir/Core/Src/tim.c.obj
                0x20000ae8                htim3
 .bss.htim4     0x20000b30       0x48 CMakeFiles/Test1.elf.dir/Core/Src/tim.c.obj
                0x20000b30                htim4
 .bss.huart2    0x20000b78       0x48 CMakeFiles/Test1.elf.dir/Core/Src/usart.c.obj
                0x20000b78                huart2
 .bss.uwTick    0x20000bc0        0x4 CMakeFiles/Test1.elf.dir/Drivers/STM32F1xx_HAL_Driver/Src/stm32f1xx_hal.c.obj
                0x20000bc0                uwTick
 .bss.__lock___malloc_recursive_mutex
                0x20000bc4        0x1 c:/gcc-arm-none-eabi-10.3-2021.10/bin/../lib/gcc/arm-none-eabi/10.3.1/../../../../arm-none-eabi/lib/thumb/v7-m/nofp\libg.a(lib_a-lock.o)
                0x20000bc4                __lock___malloc_recursive_mutex
 *fill*         0x20000bc5        0x3 
 .bss.__lock___sfp_recursive_mutex
                0x20000bc8        0x1 c:/gcc-arm-none-eabi-10.3-2021.10/bin/../lib/gcc/arm-none-eabi/10.3.1/../../../../arm-none-eabi/lib/thumb/v7-m/nofp\libg.a(lib_a-lock.o)
                0x20000bc8                __lock___sfp_recursive_mutex
 *fill*         0x20000bc9        0x3 
 .bss.__lock___sinit_recursive_mutex
                0x20000bcc        0x1 c:/gcc-arm-none-eabi-10.3-2021.10/bin/../lib/gcc/arm-none-eabi/10.3.1/../../../../arm-none-eabi/lib/thumb/v7-m/nofp\libg.a(lib_a-lock.o)
                0x20000bcc                __lock___sinit_recursive_mutex
 *fill*         0x20000bcd        0x3 
 .bss.__malloc_current_mallinfo
                0x20000bd0       0x28 c:/gcc-arm-none-eabi-10.3-2021.10/bin/../lib/gcc/arm-none-eabi/10.3.1/../../../../arm-none-eabi/lib/thumb/v7-m/nofp\libg.a(lib_a-mallocr.o)
                0x20000bd0                __malloc_current_mallinfo
 .bss.__malloc_max_sbrked_mem
                0x20000bf8        0x4 c:/gcc-arm-none-eabi-10.3-2021.10/bin/../lib/gcc/arm-none-eabi/10.3.1/../../../../arm-none-eabi/lib/thumb/v7-m/nofp\libg.a(lib_a-mallocr.o)
                0x20000bf8                __malloc_max_sbrked_mem
 .bss.__malloc_max_total_mem
                0x20000bfc        0x4 c:/gcc-arm-none-eabi-10.3-2021.10/bin/../lib/gcc/arm-none-eabi/10.3.1/../../../../arm-none-eabi/lib/thumb/v7-m/nofp\libg.a(lib_a-mallocr.o)
                0x20000bfc                __malloc_max_total_mem
 .bss.__malloc_top_pad
                0x20000c00        0x4 c:/gcc-arm-none-eabi-10.3-2021.10/bin/../lib/gcc/arm-none-eabi/10.3.1/../../../../arm-none-eabi/lib/thumb/v7-m/nofp\libg.a(lib_a-mallocr.o)
                0x20000c00                __malloc_top_pad
 .bss.errno     0x20000c04        0x4 c:/gcc-arm-none-eabi-10.3-2021.10/bin/../lib/gcc/arm-none-eabi/10.3.1/../../../../arm-none-eabi/lib/thumb/v7-m/nofp\libg.a(lib_a-reent.o)
                0x20000c04                errno
 *(COMMON)
                0x20000c08                . = ALIGN (0x4)
                0x20000c08                _ebss = .
                0x20000c08                __bss_end__ = _ebss

._user_heap_stack
                0x20000c08      0x600 load address 0x0800ddb4
                0x20000c08                . = ALIGN (0x8)
                [!provide]                PROVIDE (end = .)
                0x20000c08                PROVIDE (_end = .)
                0x20000e08                . = (. + _Min_Heap_Size)
 *fill*         0x20000c08      0x200 
                0x20001208                . = (. + _Min_Stack_Size)
 *fill*         0x20000e08      0x400 
                0x20001208                . = ALIGN (0x8)

/DISCARD/
 libc.a(*)
 libm.a(*)
 libgcc.a(*)

.ARM.attributes
                0x00000000       0x29
 *(.ARM.attributes)
 .ARM.attributes
                0x00000000       0x1d c:/gcc-arm-none-eabi-10.3-2021.10/bin/../lib/gcc/arm-none-eabi/10.3.1/thumb/v7-m/nofp/crti.o
 .ARM.attributes
                0x0000001d       0x2d CMakeFiles/Test1.elf.dir/Core/Src/Encoder.c.obj
 .ARM.attributes
                0x0000004a       0x2d CMakeFiles/Test1.elf.dir/Core/Src/MPU6050.c.obj
 .ARM.attributes
                0x00000077       0x2d CMakeFiles/Test1.elf.dir/Core/Src/Motor.c.obj
 .ARM.attributes
                0x000000a4       0x2d CMakeFiles/Test1.elf.dir/Core/Src/gpio.c.obj
 .ARM.attributes
                0x000000d1       0x2d CMakeFiles/Test1.elf.dir/Core/Src/i2c.c.obj
 .ARM.attributes
                0x000000fe       0x2d CMakeFiles/Test1.elf.dir/Core/Src/inv_mpu.c.obj
 .ARM.attributes
                0x0000012b       0x2d CMakeFiles/Test1.elf.dir/Core/Src/inv_mpu_dmp_motion_driver.c.obj
 .ARM.attributes
                0x00000158       0x2d CMakeFiles/Test1.elf.dir/Core/Src/main.c.obj
 .ARM.attributes
                0x00000185       0x2d CMakeFiles/Test1.elf.dir/Core/Src/stm32f1xx_hal_msp.c.obj
 .ARM.attributes
                0x000001b2       0x2d CMakeFiles/Test1.elf.dir/Core/Src/stm32f1xx_it.c.obj
 .ARM.attributes
                0x000001df       0x2d CMakeFiles/Test1.elf.dir/Core/Src/syscalls.c.obj
 .ARM.attributes
                0x0000020c       0x2d CMakeFiles/Test1.elf.dir/Core/Src/sysmem.c.obj
 .ARM.attributes
                0x00000239       0x2d CMakeFiles/Test1.elf.dir/Core/Src/system_stm32f1xx.c.obj
 .ARM.attributes
                0x00000266       0x2d CMakeFiles/Test1.elf.dir/Core/Src/tim.c.obj
 .ARM.attributes
                0x00000293       0x2d CMakeFiles/Test1.elf.dir/Core/Src/usart.c.obj
 .ARM.attributes
                0x000002c0       0x21 CMakeFiles/Test1.elf.dir/Core/Startup/startup_stm32f103c8tx.s.obj
 .ARM.attributes
                0x000002e1       0x2d CMakeFiles/Test1.elf.dir/Drivers/STM32F1xx_HAL_Driver/Src/stm32f1xx_hal.c.obj
 .ARM.attributes
                0x0000030e       0x2d CMakeFiles/Test1.elf.dir/Drivers/STM32F1xx_HAL_Driver/Src/stm32f1xx_hal_cortex.c.obj
 .ARM.attributes
                0x0000033b       0x2d CMakeFiles/Test1.elf.dir/Drivers/STM32F1xx_HAL_Driver/Src/stm32f1xx_hal_gpio.c.obj
 .ARM.attributes
                0x00000368       0x2d CMakeFiles/Test1.elf.dir/Drivers/STM32F1xx_HAL_Driver/Src/stm32f1xx_hal_i2c.c.obj
 .ARM.attributes
                0x00000395       0x2d CMakeFiles/Test1.elf.dir/Drivers/STM32F1xx_HAL_Driver/Src/stm32f1xx_hal_rcc.c.obj
 .ARM.attributes
                0x000003c2       0x2d CMakeFiles/Test1.elf.dir/Drivers/STM32F1xx_HAL_Driver/Src/stm32f1xx_hal_tim.c.obj
 .ARM.attributes
                0x000003ef       0x2d CMakeFiles/Test1.elf.dir/Drivers/STM32F1xx_HAL_Driver/Src/stm32f1xx_hal_tim_ex.c.obj
 .ARM.attributes
                0x0000041c       0x2d CMakeFiles/Test1.elf.dir/Drivers/STM32F1xx_HAL_Driver/Src/stm32f1xx_hal_uart.c.obj
 .ARM.attributes
                0x00000449       0x1d c:/gcc-arm-none-eabi-10.3-2021.10/bin/../lib/gcc/arm-none-eabi/10.3.1/thumb/v7-m/nofp\libgcc.a(_arm_addsubdf3.o)
 .ARM.attributes
                0x00000466       0x1d c:/gcc-arm-none-eabi-10.3-2021.10/bin/../lib/gcc/arm-none-eabi/10.3.1/thumb/v7-m/nofp\libgcc.a(_arm_addsubsf3.o)
 .ARM.attributes
                0x00000483       0x1d c:/gcc-arm-none-eabi-10.3-2021.10/bin/../lib/gcc/arm-none-eabi/10.3.1/thumb/v7-m/nofp\libgcc.a(_arm_muldivsf3.o)
 .ARM.attributes
                0x000004a0       0x1d c:/gcc-arm-none-eabi-10.3-2021.10/bin/../lib/gcc/arm-none-eabi/10.3.1/thumb/v7-m/nofp\libgcc.a(_arm_cmpsf2.o)
 .ARM.attributes
                0x000004bd       0x1d c:/gcc-arm-none-eabi-10.3-2021.10/bin/../lib/gcc/arm-none-eabi/10.3.1/thumb/v7-m/nofp\libgcc.a(_arm_fixsfsi.o)
 .ARM.attributes
                0x000004da       0x1d c:/gcc-arm-none-eabi-10.3-2021.10/bin/../lib/gcc/arm-none-eabi/10.3.1/thumb/v7-m/nofp\libgcc.a(_arm_fixunssfsi.o)
 .ARM.attributes
                0x000004f7       0x1d c:/gcc-arm-none-eabi-10.3-2021.10/bin/../lib/gcc/arm-none-eabi/10.3.1/thumb/v7-m/nofp\libgcc.a(_aeabi_ldivmod.o)
 .ARM.attributes
                0x00000514       0x2d c:/gcc-arm-none-eabi-10.3-2021.10/bin/../lib/gcc/arm-none-eabi/10.3.1/thumb/v7-m/nofp\libgcc.a(_udivmoddi4.o)
 .ARM.attributes
                0x00000541       0x1d c:/gcc-arm-none-eabi-10.3-2021.10/bin/../lib/gcc/arm-none-eabi/10.3.1/thumb/v7-m/nofp\libgcc.a(_dvmd_tls.o)
 .ARM.attributes
                0x0000055e       0x2d c:/gcc-arm-none-eabi-10.3-2021.10/bin/../lib/gcc/arm-none-eabi/10.3.1/../../../../arm-none-eabi/lib/thumb/v7-m/nofp\libg.a(lib_a-errno.o)
 .ARM.attributes
                0x0000058b       0x2d c:/gcc-arm-none-eabi-10.3-2021.10/bin/../lib/gcc/arm-none-eabi/10.3.1/../../../../arm-none-eabi/lib/thumb/v7-m/nofp\libg.a(lib_a-impure.o)
 .ARM.attributes
                0x000005b8       0x2d c:/gcc-arm-none-eabi-10.3-2021.10/bin/../lib/gcc/arm-none-eabi/10.3.1/../../../../arm-none-eabi/lib/thumb/v7-m/nofp\libg.a(lib_a-init.o)
 .ARM.attributes
                0x000005e5       0x2d c:/gcc-arm-none-eabi-10.3-2021.10/bin/../lib/gcc/arm-none-eabi/10.3.1/../../../../arm-none-eabi/lib/thumb/v7-m/nofp\libg.a(lib_a-memcmp.o)
 .ARM.attributes
                0x00000612       0x2d c:/gcc-arm-none-eabi-10.3-2021.10/bin/../lib/gcc/arm-none-eabi/10.3.1/../../../../arm-none-eabi/lib/thumb/v7-m/nofp\libg.a(lib_a-memset.o)
 .ARM.attributes
                0x0000063f       0x2d c:/gcc-arm-none-eabi-10.3-2021.10/bin/../lib/gcc/arm-none-eabi/10.3.1/../../../../arm-none-eabi/lib/thumb/v7-m/nofp\libg.a(lib_a-printf.o)
 .ARM.attributes
                0x0000066c       0x2d c:/gcc-arm-none-eabi-10.3-2021.10/bin/../lib/gcc/arm-none-eabi/10.3.1/../../../../arm-none-eabi/lib/thumb/v7-m/nofp\libg.a(lib_a-strlen-stub.o)
 .ARM.attributes
                0x00000699       0x2d c:/gcc-arm-none-eabi-10.3-2021.10/bin/../lib/gcc/arm-none-eabi/10.3.1/../../../../arm-none-eabi/lib/thumb/v7-m/nofp\libg.a(lib_a-vfprintf.o)
 .ARM.attributes
                0x000006c6       0x2d c:/gcc-arm-none-eabi-10.3-2021.10/bin/../lib/gcc/arm-none-eabi/10.3.1/../../../../arm-none-eabi/lib/thumb/v7-m/nofp\libg.a(lib_a-wsetup.o)
 .ARM.attributes
                0x000006f3       0x2d c:/gcc-arm-none-eabi-10.3-2021.10/bin/../lib/gcc/arm-none-eabi/10.3.1/../../../../arm-none-eabi/lib/thumb/v7-m/nofp\libg.a(lib_a-dtoa.o)
 .ARM.attributes
                0x00000720       0x2d c:/gcc-arm-none-eabi-10.3-2021.10/bin/../lib/gcc/arm-none-eabi/10.3.1/../../../../arm-none-eabi/lib/thumb/v7-m/nofp\libg.a(lib_a-fflush.o)
 .ARM.attributes
                0x0000074d       0x2d c:/gcc-arm-none-eabi-10.3-2021.10/bin/../lib/gcc/arm-none-eabi/10.3.1/../../../../arm-none-eabi/lib/thumb/v7-m/nofp\libg.a(lib_a-findfp.o)
 .ARM.attributes
                0x0000077a       0x2d c:/gcc-arm-none-eabi-10.3-2021.10/bin/../lib/gcc/arm-none-eabi/10.3.1/../../../../arm-none-eabi/lib/thumb/v7-m/nofp\libg.a(lib_a-freer.o)
 .ARM.attributes
                0x000007a7       0x2d c:/gcc-arm-none-eabi-10.3-2021.10/bin/../lib/gcc/arm-none-eabi/10.3.1/../../../../arm-none-eabi/lib/thumb/v7-m/nofp\libg.a(lib_a-fvwrite.o)
 .ARM.attributes
                0x000007d4       0x2d c:/gcc-arm-none-eabi-10.3-2021.10/bin/../lib/gcc/arm-none-eabi/10.3.1/../../../../arm-none-eabi/lib/thumb/v7-m/nofp\libg.a(lib_a-fwalk.o)
 .ARM.attributes
                0x00000801       0x2d c:/gcc-arm-none-eabi-10.3-2021.10/bin/../lib/gcc/arm-none-eabi/10.3.1/../../../../arm-none-eabi/lib/thumb/v7-m/nofp\libg.a(lib_a-localeconv.o)
 .ARM.attributes
                0x0000082e       0x2d c:/gcc-arm-none-eabi-10.3-2021.10/bin/../lib/gcc/arm-none-eabi/10.3.1/../../../../arm-none-eabi/lib/thumb/v7-m/nofp\libg.a(lib_a-lock.o)
 .ARM.attributes
                0x0000085b       0x2d c:/gcc-arm-none-eabi-10.3-2021.10/bin/../lib/gcc/arm-none-eabi/10.3.1/../../../../arm-none-eabi/lib/thumb/v7-m/nofp\libg.a(lib_a-makebuf.o)
 .ARM.attributes
                0x00000888       0x2d c:/gcc-arm-none-eabi-10.3-2021.10/bin/../lib/gcc/arm-none-eabi/10.3.1/../../../../arm-none-eabi/lib/thumb/v7-m/nofp\libg.a(lib_a-mallocr.o)
 .ARM.attributes
                0x000008b5       0x2d c:/gcc-arm-none-eabi-10.3-2021.10/bin/../lib/gcc/arm-none-eabi/10.3.1/../../../../arm-none-eabi/lib/thumb/v7-m/nofp\libg.a(lib_a-memchr-stub.o)
 .ARM.attributes
                0x000008e2       0x1b c:/gcc-arm-none-eabi-10.3-2021.10/bin/../lib/gcc/arm-none-eabi/10.3.1/../../../../arm-none-eabi/lib/thumb/v7-m/nofp\libg.a(lib_a-memcpy.o)
 .ARM.attributes
                0x000008fd       0x2d c:/gcc-arm-none-eabi-10.3-2021.10/bin/../lib/gcc/arm-none-eabi/10.3.1/../../../../arm-none-eabi/lib/thumb/v7-m/nofp\libg.a(lib_a-memmove.o)
 .ARM.attributes
                0x0000092a       0x2d c:/gcc-arm-none-eabi-10.3-2021.10/bin/../lib/gcc/arm-none-eabi/10.3.1/../../../../arm-none-eabi/lib/thumb/v7-m/nofp\libg.a(lib_a-mlock.o)
 .ARM.attributes
                0x00000957       0x2d c:/gcc-arm-none-eabi-10.3-2021.10/bin/../lib/gcc/arm-none-eabi/10.3.1/../../../../arm-none-eabi/lib/thumb/v7-m/nofp\libg.a(lib_a-mprec.o)
 .ARM.attributes
                0x00000984       0x2d c:/gcc-arm-none-eabi-10.3-2021.10/bin/../lib/gcc/arm-none-eabi/10.3.1/../../../../arm-none-eabi/lib/thumb/v7-m/nofp\libg.a(lib_a-reallocr.o)
 .ARM.attributes
                0x000009b1       0x2d c:/gcc-arm-none-eabi-10.3-2021.10/bin/../lib/gcc/arm-none-eabi/10.3.1/../../../../arm-none-eabi/lib/thumb/v7-m/nofp\libg.a(lib_a-s_frexp.o)
 .ARM.attributes
                0x000009de       0x2d c:/gcc-arm-none-eabi-10.3-2021.10/bin/../lib/gcc/arm-none-eabi/10.3.1/../../../../arm-none-eabi/lib/thumb/v7-m/nofp\libg.a(lib_a-sbrkr.o)
 .ARM.attributes
                0x00000a0b       0x2d c:/gcc-arm-none-eabi-10.3-2021.10/bin/../lib/gcc/arm-none-eabi/10.3.1/../../../../arm-none-eabi/lib/thumb/v7-m/nofp\libg.a(lib_a-stdio.o)
 .ARM.attributes
                0x00000a38       0x2d c:/gcc-arm-none-eabi-10.3-2021.10/bin/../lib/gcc/arm-none-eabi/10.3.1/../../../../arm-none-eabi/lib/thumb/v7-m/nofp\libg.a(lib_a-strncpy.o)
 .ARM.attributes
                0x00000a65       0x2d c:/gcc-arm-none-eabi-10.3-2021.10/bin/../lib/gcc/arm-none-eabi/10.3.1/../../../../arm-none-eabi/lib/thumb/v7-m/nofp\libg.a(lib_a-vfiprintf.o)
 .ARM.attributes
                0x00000a92       0x2d c:/gcc-arm-none-eabi-10.3-2021.10/bin/../lib/gcc/arm-none-eabi/10.3.1/../../../../arm-none-eabi/lib/thumb/v7-m/nofp\libg.a(lib_a-writer.o)
 .ARM.attributes
                0x00000abf       0x2d c:/gcc-arm-none-eabi-10.3-2021.10/bin/../lib/gcc/arm-none-eabi/10.3.1/../../../../arm-none-eabi/lib/thumb/v7-m/nofp\libg.a(lib_a-assert.o)
 .ARM.attributes
                0x00000aec       0x2d c:/gcc-arm-none-eabi-10.3-2021.10/bin/../lib/gcc/arm-none-eabi/10.3.1/../../../../arm-none-eabi/lib/thumb/v7-m/nofp\libg.a(lib_a-callocr.o)
 .ARM.attributes
                0x00000b19       0x2d c:/gcc-arm-none-eabi-10.3-2021.10/bin/../lib/gcc/arm-none-eabi/10.3.1/../../../../arm-none-eabi/lib/thumb/v7-m/nofp\libg.a(lib_a-closer.o)
 .ARM.attributes
                0x00000b46       0x2d c:/gcc-arm-none-eabi-10.3-2021.10/bin/../lib/gcc/arm-none-eabi/10.3.1/../../../../arm-none-eabi/lib/thumb/v7-m/nofp\libg.a(lib_a-fclose.o)
 .ARM.attributes
                0x00000b73       0x2d c:/gcc-arm-none-eabi-10.3-2021.10/bin/../lib/gcc/arm-none-eabi/10.3.1/../../../../arm-none-eabi/lib/thumb/v7-m/nofp\libg.a(lib_a-fiprintf.o)
 .ARM.attributes
                0x00000ba0       0x2d c:/gcc-arm-none-eabi-10.3-2021.10/bin/../lib/gcc/arm-none-eabi/10.3.1/../../../../arm-none-eabi/lib/thumb/v7-m/nofp\libg.a(lib_a-fputwc.o)
 .ARM.attributes
                0x00000bcd       0x2d c:/gcc-arm-none-eabi-10.3-2021.10/bin/../lib/gcc/arm-none-eabi/10.3.1/../../../../arm-none-eabi/lib/thumb/v7-m/nofp\libg.a(lib_a-fstatr.o)
 .ARM.attributes
                0x00000bfa       0x2d c:/gcc-arm-none-eabi-10.3-2021.10/bin/../lib/gcc/arm-none-eabi/10.3.1/../../../../arm-none-eabi/lib/thumb/v7-m/nofp\libg.a(lib_a-isattyr.o)
 .ARM.attributes
                0x00000c27       0x2d c:/gcc-arm-none-eabi-10.3-2021.10/bin/../lib/gcc/arm-none-eabi/10.3.1/../../../../arm-none-eabi/lib/thumb/v7-m/nofp\libg.a(lib_a-locale.o)
 .ARM.attributes
                0x00000c54       0x2d c:/gcc-arm-none-eabi-10.3-2021.10/bin/../lib/gcc/arm-none-eabi/10.3.1/../../../../arm-none-eabi/lib/thumb/v7-m/nofp\libg.a(lib_a-lseekr.o)
 .ARM.attributes
                0x00000c81       0x2d c:/gcc-arm-none-eabi-10.3-2021.10/bin/../lib/gcc/arm-none-eabi/10.3.1/../../../../arm-none-eabi/lib/thumb/v7-m/nofp\libg.a(lib_a-mbtowc_r.o)
 .ARM.attributes
                0x00000cae       0x2d c:/gcc-arm-none-eabi-10.3-2021.10/bin/../lib/gcc/arm-none-eabi/10.3.1/../../../../arm-none-eabi/lib/thumb/v7-m/nofp\libg.a(lib_a-readr.o)
 .ARM.attributes
                0x00000cdb       0x2d c:/gcc-arm-none-eabi-10.3-2021.10/bin/../lib/gcc/arm-none-eabi/10.3.1/../../../../arm-none-eabi/lib/thumb/v7-m/nofp\libg.a(lib_a-reent.o)
 .ARM.attributes
                0x00000d08       0x2d c:/gcc-arm-none-eabi-10.3-2021.10/bin/../lib/gcc/arm-none-eabi/10.3.1/../../../../arm-none-eabi/lib/thumb/v7-m/nofp\libg.a(lib_a-wbuf.o)
 .ARM.attributes
                0x00000d35       0x2d c:/gcc-arm-none-eabi-10.3-2021.10/bin/../lib/gcc/arm-none-eabi/10.3.1/../../../../arm-none-eabi/lib/thumb/v7-m/nofp\libg.a(lib_a-wcrtomb.o)
 .ARM.attributes
                0x00000d62       0x2d c:/gcc-arm-none-eabi-10.3-2021.10/bin/../lib/gcc/arm-none-eabi/10.3.1/../../../../arm-none-eabi/lib/thumb/v7-m/nofp\libg.a(lib_a-wctomb_r.o)
 .ARM.attributes
                0x00000d8f       0x2d c:/gcc-arm-none-eabi-10.3-2021.10/bin/../lib/gcc/arm-none-eabi/10.3.1/../../../../arm-none-eabi/lib/thumb/v7-m/nofp\libg.a(lib_a-abort.o)
 .ARM.attributes
                0x00000dbc       0x2d c:/gcc-arm-none-eabi-10.3-2021.10/bin/../lib/gcc/arm-none-eabi/10.3.1/../../../../arm-none-eabi/lib/thumb/v7-m/nofp\libg.a(lib_a-ctype_.o)
 .ARM.attributes
                0x00000de9       0x2d c:/gcc-arm-none-eabi-10.3-2021.10/bin/../lib/gcc/arm-none-eabi/10.3.1/../../../../arm-none-eabi/lib/thumb/v7-m/nofp\libg.a(lib_a-signal.o)
 .ARM.attributes
                0x00000e16       0x2d c:/gcc-arm-none-eabi-10.3-2021.10/bin/../lib/gcc/arm-none-eabi/10.3.1/../../../../arm-none-eabi/lib/thumb/v7-m/nofp\libg.a(lib_a-signalr.o)
 .ARM.attributes
                0x00000e43       0x1d c:/gcc-arm-none-eabi-10.3-2021.10/bin/../lib/gcc/arm-none-eabi/10.3.1/thumb/v7-m/nofp\libgcc.a(_arm_muldivdf3.o)
 .ARM.attributes
                0x00000e60       0x1d c:/gcc-arm-none-eabi-10.3-2021.10/bin/../lib/gcc/arm-none-eabi/10.3.1/thumb/v7-m/nofp\libgcc.a(_arm_cmpdf2.o)
 .ARM.attributes
                0x00000e7d       0x1d c:/gcc-arm-none-eabi-10.3-2021.10/bin/../lib/gcc/arm-none-eabi/10.3.1/thumb/v7-m/nofp\libgcc.a(_arm_unorddf2.o)
 .ARM.attributes
                0x00000e9a       0x1d c:/gcc-arm-none-eabi-10.3-2021.10/bin/../lib/gcc/arm-none-eabi/10.3.1/thumb/v7-m/nofp\libgcc.a(_arm_fixdfsi.o)
 .ARM.attributes
                0x00000eb7       0x1d c:/gcc-arm-none-eabi-10.3-2021.10/bin/../lib/gcc/arm-none-eabi/10.3.1/thumb/v7-m/nofp\libgcc.a(_aeabi_uldivmod.o)
 .ARM.attributes
                0x00000ed4       0x1d c:/gcc-arm-none-eabi-10.3-2021.10/bin/../lib/gcc/arm-none-eabi/10.3.1/thumb/v7-m/nofp/crtn.o
OUTPUT(Test1.elf elf32-littlearm)
LOAD linker stubs
LOAD c:/gcc-arm-none-eabi-10.3-2021.10/bin/../lib/gcc/arm-none-eabi/10.3.1/../../../../arm-none-eabi/lib/thumb/v7-m/nofp\libc.a
LOAD c:/gcc-arm-none-eabi-10.3-2021.10/bin/../lib/gcc/arm-none-eabi/10.3.1/../../../../arm-none-eabi/lib/thumb/v7-m/nofp\libm.a
LOAD c:/gcc-arm-none-eabi-10.3-2021.10/bin/../lib/gcc/arm-none-eabi/10.3.1/thumb/v7-m/nofp\libgcc.a

.debug_info     0x00000000    0x19ba3
 .debug_info    0x00000000      0x693 CMakeFiles/Test1.elf.dir/Core/Src/Encoder.c.obj
 .debug_info    0x00000693      0x90a CMakeFiles/Test1.elf.dir/Core/Src/MPU6050.c.obj
 .debug_info    0x00000f9d      0x826 CMakeFiles/Test1.elf.dir/Core/Src/Motor.c.obj
 .debug_info    0x000017c3      0x34c CMakeFiles/Test1.elf.dir/Core/Src/gpio.c.obj
 .debug_info    0x00001b0f      0x93b CMakeFiles/Test1.elf.dir/Core/Src/i2c.c.obj
 .debug_info    0x0000244a     0x2f44 CMakeFiles/Test1.elf.dir/Core/Src/inv_mpu.c.obj
 .debug_info    0x0000538e     0x137c CMakeFiles/Test1.elf.dir/Core/Src/inv_mpu_dmp_motion_driver.c.obj
 .debug_info    0x0000670a      0xb08 CMakeFiles/Test1.elf.dir/Core/Src/main.c.obj
 .debug_info    0x00007212      0x211 CMakeFiles/Test1.elf.dir/Core/Src/stm32f1xx_hal_msp.c.obj
 .debug_info    0x00007423      0x760 CMakeFiles/Test1.elf.dir/Core/Src/stm32f1xx_it.c.obj
 .debug_info    0x00007b83      0x7af CMakeFiles/Test1.elf.dir/Core/Src/syscalls.c.obj
 .debug_info    0x00008332      0x174 CMakeFiles/Test1.elf.dir/Core/Src/sysmem.c.obj
 .debug_info    0x000084a6      0x248 CMakeFiles/Test1.elf.dir/Core/Src/system_stm32f1xx.c.obj
 .debug_info    0x000086ee     0x1128 CMakeFiles/Test1.elf.dir/Core/Src/tim.c.obj
 .debug_info    0x00009816      0x8ba CMakeFiles/Test1.elf.dir/Core/Src/usart.c.obj
 .debug_info    0x0000a0d0       0x22 CMakeFiles/Test1.elf.dir/Core/Startup/startup_stm32f103c8tx.s.obj
 .debug_info    0x0000a0f2      0x7a8 CMakeFiles/Test1.elf.dir/Drivers/STM32F1xx_HAL_Driver/Src/stm32f1xx_hal.c.obj
 .debug_info    0x0000a89a      0xd8a CMakeFiles/Test1.elf.dir/Drivers/STM32F1xx_HAL_Driver/Src/stm32f1xx_hal_cortex.c.obj
 .debug_info    0x0000b624      0x66f CMakeFiles/Test1.elf.dir/Drivers/STM32F1xx_HAL_Driver/Src/stm32f1xx_hal_gpio.c.obj
 .debug_info    0x0000bc93     0x3ab6 CMakeFiles/Test1.elf.dir/Drivers/STM32F1xx_HAL_Driver/Src/stm32f1xx_hal_i2c.c.obj
 .debug_info    0x0000f749      0xa3b CMakeFiles/Test1.elf.dir/Drivers/STM32F1xx_HAL_Driver/Src/stm32f1xx_hal_rcc.c.obj
 .debug_info    0x00010184     0x3d52 CMakeFiles/Test1.elf.dir/Drivers/STM32F1xx_HAL_Driver/Src/stm32f1xx_hal_tim.c.obj
 .debug_info    0x00013ed6     0x1abb CMakeFiles/Test1.elf.dir/Drivers/STM32F1xx_HAL_Driver/Src/stm32f1xx_hal_tim_ex.c.obj
 .debug_info    0x00015991     0x4212 CMakeFiles/Test1.elf.dir/Drivers/STM32F1xx_HAL_Driver/Src/stm32f1xx_hal_uart.c.obj

.debug_abbrev   0x00000000     0x2cca
 .debug_abbrev  0x00000000      0x173 CMakeFiles/Test1.elf.dir/Core/Src/Encoder.c.obj
 .debug_abbrev  0x00000173      0x194 CMakeFiles/Test1.elf.dir/Core/Src/MPU6050.c.obj
 .debug_abbrev  0x00000307      0x18c CMakeFiles/Test1.elf.dir/Core/Src/Motor.c.obj
 .debug_abbrev  0x00000493      0x13c CMakeFiles/Test1.elf.dir/Core/Src/gpio.c.obj
 .debug_abbrev  0x000005cf      0x1e7 CMakeFiles/Test1.elf.dir/Core/Src/i2c.c.obj
 .debug_abbrev  0x000007b6      0x2d8 CMakeFiles/Test1.elf.dir/Core/Src/inv_mpu.c.obj
 .debug_abbrev  0x00000a8e      0x1d2 CMakeFiles/Test1.elf.dir/Core/Src/inv_mpu_dmp_motion_driver.c.obj
 .debug_abbrev  0x00000c60      0x252 CMakeFiles/Test1.elf.dir/Core/Src/main.c.obj
 .debug_abbrev  0x00000eb2       0xe5 CMakeFiles/Test1.elf.dir/Core/Src/stm32f1xx_hal_msp.c.obj
 .debug_abbrev  0x00000f97      0x18c CMakeFiles/Test1.elf.dir/Core/Src/stm32f1xx_it.c.obj
 .debug_abbrev  0x00001123      0x1a3 CMakeFiles/Test1.elf.dir/Core/Src/syscalls.c.obj
 .debug_abbrev  0x000012c6       0xe7 CMakeFiles/Test1.elf.dir/Core/Src/sysmem.c.obj
 .debug_abbrev  0x000013ad      0x13e CMakeFiles/Test1.elf.dir/Core/Src/system_stm32f1xx.c.obj
 .debug_abbrev  0x000014eb      0x241 CMakeFiles/Test1.elf.dir/Core/Src/tim.c.obj
 .debug_abbrev  0x0000172c      0x1fa CMakeFiles/Test1.elf.dir/Core/Src/usart.c.obj
 .debug_abbrev  0x00001926       0x12 CMakeFiles/Test1.elf.dir/Core/Startup/startup_stm32f103c8tx.s.obj
 .debug_abbrev  0x00001938      0x1f4 CMakeFiles/Test1.elf.dir/Drivers/STM32F1xx_HAL_Driver/Src/stm32f1xx_hal.c.obj
 .debug_abbrev  0x00001b2c      0x341 CMakeFiles/Test1.elf.dir/Drivers/STM32F1xx_HAL_Driver/Src/stm32f1xx_hal_cortex.c.obj
 .debug_abbrev  0x00001e6d      0x1e6 CMakeFiles/Test1.elf.dir/Drivers/STM32F1xx_HAL_Driver/Src/stm32f1xx_hal_gpio.c.obj
 .debug_abbrev  0x00002053      0x293 CMakeFiles/Test1.elf.dir/Drivers/STM32F1xx_HAL_Driver/Src/stm32f1xx_hal_i2c.c.obj
 .debug_abbrev  0x000022e6      0x27a CMakeFiles/Test1.elf.dir/Drivers/STM32F1xx_HAL_Driver/Src/stm32f1xx_hal_rcc.c.obj
 .debug_abbrev  0x00002560      0x245 CMakeFiles/Test1.elf.dir/Drivers/STM32F1xx_HAL_Driver/Src/stm32f1xx_hal_tim.c.obj
 .debug_abbrev  0x000027a5      0x248 CMakeFiles/Test1.elf.dir/Drivers/STM32F1xx_HAL_Driver/Src/stm32f1xx_hal_tim_ex.c.obj
 .debug_abbrev  0x000029ed      0x2dd CMakeFiles/Test1.elf.dir/Drivers/STM32F1xx_HAL_Driver/Src/stm32f1xx_hal_uart.c.obj
